app_ble.c:874:13:Switch_OFF_GPIO	0	static
app_ble.c:946:13:BLE_UserEvtRx	8	static
app_ble.c:964:13:BLE_StatusNot	0	static
app_ble.c:828:13:Connect_Request	48	static
app_ble.c:791:13:Scan_Request	0	static
app_ble.c:258:6:APP_BLE_Init	104	static
app_ble.c:353:28:SVCCTL_App_Notification	40	static
app_ble.c:631:22:APP_BLE_Get_Client_Connection_Status	0	static
app_ble.c:928:6:hci_notify_asynch_evt	0	static
app_ble.c:934:6:hci_cmd_resp_release	0	static
app_ble.c:940:6:hci_cmd_resp_wait	0	static
app_ble.c:995:6:SVCCTL_ResumeUserEventFlow	0	static
