hw_ipcc.c:99:6:HW_IPCC_Enable	0	static
hw_ipcc.c:106:6:HW_IPCC_Init	16	static
hw_ipcc.c:122:6:HW_IPCC_BLE_Init	0	static
hw_ipcc.c:129:6:HW_IPCC_BLE_SendCmd	0	static
hw_ipcc.c:145:6:HW_IPCC_BLE_SendAclData	0	static
hw_ipcc.c:162:13:HW_IPCC_BLE_AclDataAckNot	0	static
hw_ipcc.c:163:13:HW_IPCC_BLE_RxEvtNot	0	static
hw_ipcc.c:168:6:HW_IPCC_SYS_Init	0	static
hw_ipcc.c:175:6:HW_IPCC_SYS_SendCmd	0	static
hw_ipcc.c:201:13:HW_IPCC_SYS_CmdEvtNot	0	static
hw_ipcc.c:202:13:HW_IPCC_SYS_EvtNot	0	static
hw_ipcc.c:207:6:HW_IPCC_THREAD_Init	0	static
hw_ipcc.c:215:6:HW_IPCC_OT_SendCmd	0	static
hw_ipcc.c:223:6:HW_IPCC_CLI_SendCmd	0	static
hw_ipcc.c:230:6:HW_IPCC_THREAD_SendAck	0	static
hw_ipcc.c:238:6:HW_IPCC_THREAD_CliSendAck	0	static
hw_ipcc.c:273:13:HW_IPCC_OT_CmdEvtNot	0	static
hw_ipcc.c:76:6:HW_IPCC_Tx_Handler	8	static
hw_ipcc.c:274:13:HW_IPCC_CLI_CmdEvtNot	0	static
hw_ipcc.c:275:13:HW_IPCC_THREAD_EvtNot	0	static
hw_ipcc.c:280:6:HW_IPCC_MM_SendFreeBuf	8	static
hw_ipcc.c:311:6:HW_IPCC_TRACES_Init	0	static
hw_ipcc.c:327:13:HW_IPCC_TRACES_EvtNot	0	static
hw_ipcc.c:50:6:HW_IPCC_Rx_Handler	16	static
