stm32wbxx_ll_bus.h:466:22:LL_AHB2_GRP1_EnableClock	8	static
stm32wbxx_hal_msp.c:64:6:HAL_MspInit	0	static
stm32wbxx_hal_msp.c:83:6:HAL_UART_MspInit	40	static
stm32wbxx_hal_msp.c:143:6:HAL_UART_MspDeInit	0	static
stm32wbxx_hal_msp.c:190:6:HAL_RTC_MspInit	0	static
stm32wbxx_hal_msp.c:212:6:HAL_RTC_MspDeInit	0	static
stm32wbxx_hal_msp.c:234:6:HAL_SPI_MspInit	32	static
stm32wbxx_hal_msp.c:271:6:HAL_SPI_MspDeInit	0	static
stm32wbxx_hal_msp.c:301:6:HAL_PCD_MspInit	32	static
stm32wbxx_hal_msp.c:337:6:HAL_PCD_MspDeInit	0	static
