stm32wbxx_hal_rtc.c:668:13:HAL_RTC_MspInit	0	static
stm32wbxx_hal_rtc.c:683:13:HAL_RTC_MspDeInit	0	static
stm32wbxx_hal_rtc.c:1425:19:HAL_RTC_DeactivateAlarm	16	static
stm32wbxx_hal_rtc.c:1628:13:HAL_RTC_AlarmAEventCallback	0	static
stm32wbxx_hal_rtc.c:1579:6:HAL_RTC_AlarmIRQHandler	8	static
stm32wbxx_hal_rtc.c:1644:19:HAL_RTC_PollForAlarmAEvent	16	static
stm32wbxx_hal_rtc.c:1703:19:HAL_RTC_WaitForSynchro	16	static
stm32wbxx_hal_rtc.c:1747:21:HAL_RTC_GetState	0	static
stm32wbxx_hal_rtc.c:1770:19:RTC_EnterInitMode	16	static
stm32wbxx_hal_rtc.c:224:19:HAL_RTC_Init	16	static
stm32wbxx_hal_rtc.c:346:19:HAL_RTC_DeInit	16	static
stm32wbxx_hal_rtc.c:1800:9:RTC_ByteToBcd2	0	static
stm32wbxx_hal_rtc.c:721:19:HAL_RTC_SetTime	24	static
stm32wbxx_hal_rtc.c:899:19:HAL_RTC_SetDate	24	static
stm32wbxx_hal_rtc.c:1062:19:HAL_RTC_SetAlarm	32	static
stm32wbxx_hal_rtc.c:1243:19:HAL_RTC_SetAlarm_IT	32	static
stm32wbxx_hal_rtc.c:1819:9:RTC_Bcd2ToByte	0	static
stm32wbxx_hal_rtc.c:855:19:HAL_RTC_GetTime	16	static
stm32wbxx_hal_rtc.c:1008:19:HAL_RTC_GetDate	16	static
stm32wbxx_hal_rtc.c:1519:19:HAL_RTC_GetAlarm	16	static
