Archive member included to satisfy reference by file (symbol)

h:/program files (x86)/atollic/truestudio for stm32 9.3.0/armtools/bin/../lib/gcc/arm-atollic-eabi/6.3.1/../../../../arm-atollic-eabi/lib/armv7e-m/fpu\libc_nano.a(lib_a-errno.o)
                              Src\syscalls.o (__errno)
h:/program files (x86)/atollic/truestudio for stm32 9.3.0/armtools/bin/../lib/gcc/arm-atollic-eabi/6.3.1/../../../../arm-atollic-eabi/lib/armv7e-m/fpu\libc_nano.a(lib_a-impure.o)
                              h:/program files (x86)/atollic/truestudio for stm32 9.3.0/armtools/bin/../lib/gcc/arm-atollic-eabi/6.3.1/../../../../arm-atollic-eabi/lib/armv7e-m/fpu\libc_nano.a(lib_a-errno.o) (_impure_ptr)
h:/program files (x86)/atollic/truestudio for stm32 9.3.0/armtools/bin/../lib/gcc/arm-atollic-eabi/6.3.1/../../../../arm-atollic-eabi/lib/armv7e-m/fpu\libc_nano.a(lib_a-init.o)
                              startup\startup_stm32wb55xx_cm4.o (__libc_init_array)
h:/program files (x86)/atollic/truestudio for stm32 9.3.0/armtools/bin/../lib/gcc/arm-atollic-eabi/6.3.1/../../../../arm-atollic-eabi/lib/armv7e-m/fpu\libc_nano.a(lib_a-memset.o)
                              Src\main.o (memset)
h:/program files (x86)/atollic/truestudio for stm32 9.3.0/armtools/bin/../lib/gcc/arm-atollic-eabi/6.3.1/../../../../arm-atollic-eabi/lib/armv7e-m/fpu\libc_nano.a(lib_a-printf.o)
                              Src\adxl375.o (printf)
h:/program files (x86)/atollic/truestudio for stm32 9.3.0/armtools/bin/../lib/gcc/arm-atollic-eabi/6.3.1/../../../../arm-atollic-eabi/lib/armv7e-m/fpu\libc_nano.a(lib_a-puts.o)
                              Src\adxl375.o (puts)
h:/program files (x86)/atollic/truestudio for stm32 9.3.0/armtools/bin/../lib/gcc/arm-atollic-eabi/6.3.1/../../../../arm-atollic-eabi/lib/armv7e-m/fpu\libc_nano.a(lib_a-wbuf.o)
                              h:/program files (x86)/atollic/truestudio for stm32 9.3.0/armtools/bin/../lib/gcc/arm-atollic-eabi/6.3.1/../../../../arm-atollic-eabi/lib/armv7e-m/fpu\libc_nano.a(lib_a-puts.o) (__swbuf_r)
h:/program files (x86)/atollic/truestudio for stm32 9.3.0/armtools/bin/../lib/gcc/arm-atollic-eabi/6.3.1/../../../../arm-atollic-eabi/lib/armv7e-m/fpu\libc_nano.a(lib_a-wsetup.o)
                              h:/program files (x86)/atollic/truestudio for stm32 9.3.0/armtools/bin/../lib/gcc/arm-atollic-eabi/6.3.1/../../../../arm-atollic-eabi/lib/armv7e-m/fpu\libc_nano.a(lib_a-puts.o) (__swsetup_r)
h:/program files (x86)/atollic/truestudio for stm32 9.3.0/armtools/bin/../lib/gcc/arm-atollic-eabi/6.3.1/../../../../arm-atollic-eabi/lib/armv7e-m/fpu\libc_nano.a(lib_a-fflush.o)
                              h:/program files (x86)/atollic/truestudio for stm32 9.3.0/armtools/bin/../lib/gcc/arm-atollic-eabi/6.3.1/../../../../arm-atollic-eabi/lib/armv7e-m/fpu\libc_nano.a(lib_a-wbuf.o) (_fflush_r)
h:/program files (x86)/atollic/truestudio for stm32 9.3.0/armtools/bin/../lib/gcc/arm-atollic-eabi/6.3.1/../../../../arm-atollic-eabi/lib/armv7e-m/fpu\libc_nano.a(lib_a-findfp.o)
                              h:/program files (x86)/atollic/truestudio for stm32 9.3.0/armtools/bin/../lib/gcc/arm-atollic-eabi/6.3.1/../../../../arm-atollic-eabi/lib/armv7e-m/fpu\libc_nano.a(lib_a-printf.o) (__sinit)
h:/program files (x86)/atollic/truestudio for stm32 9.3.0/armtools/bin/../lib/gcc/arm-atollic-eabi/6.3.1/../../../../arm-atollic-eabi/lib/armv7e-m/fpu\libc_nano.a(lib_a-fwalk.o)
                              h:/program files (x86)/atollic/truestudio for stm32 9.3.0/armtools/bin/../lib/gcc/arm-atollic-eabi/6.3.1/../../../../arm-atollic-eabi/lib/armv7e-m/fpu\libc_nano.a(lib_a-findfp.o) (_fwalk)
h:/program files (x86)/atollic/truestudio for stm32 9.3.0/armtools/bin/../lib/gcc/arm-atollic-eabi/6.3.1/../../../../arm-atollic-eabi/lib/armv7e-m/fpu\libc_nano.a(lib_a-makebuf.o)
                              h:/program files (x86)/atollic/truestudio for stm32 9.3.0/armtools/bin/../lib/gcc/arm-atollic-eabi/6.3.1/../../../../arm-atollic-eabi/lib/armv7e-m/fpu\libc_nano.a(lib_a-wsetup.o) (__smakebuf_r)
h:/program files (x86)/atollic/truestudio for stm32 9.3.0/armtools/bin/../lib/gcc/arm-atollic-eabi/6.3.1/../../../../arm-atollic-eabi/lib/armv7e-m/fpu\libc_nano.a(lib_a-nano-freer.o)
                              h:/program files (x86)/atollic/truestudio for stm32 9.3.0/armtools/bin/../lib/gcc/arm-atollic-eabi/6.3.1/../../../../arm-atollic-eabi/lib/armv7e-m/fpu\libc_nano.a(lib_a-wsetup.o) (_free_r)
h:/program files (x86)/atollic/truestudio for stm32 9.3.0/armtools/bin/../lib/gcc/arm-atollic-eabi/6.3.1/../../../../arm-atollic-eabi/lib/armv7e-m/fpu\libc_nano.a(lib_a-nano-mallocr.o)
                              h:/program files (x86)/atollic/truestudio for stm32 9.3.0/armtools/bin/../lib/gcc/arm-atollic-eabi/6.3.1/../../../../arm-atollic-eabi/lib/armv7e-m/fpu\libc_nano.a(lib_a-findfp.o) (_malloc_r)
[...]
Memory Configuration

Name             Origin             Length             Attributes
FLASH            0x08000000         0x00080000         xr
RAM1             0x20000004         0x0002fffc         xrw
RAM_SHARED       0x20030000         0x00002800         xrw
*default*        0x00000000         0xffffffff

Linker script and memory map

LOAD h:/program files (x86)/atollic/truestudio for stm32 9.3.0/armtools/bin/../lib/gcc/arm-atollic-eabi/6.3.1/armv7e-m/fpu/crti.o
LOAD h:/program files (x86)/atollic/truestudio for stm32 9.3.0/armtools/bin/../lib/gcc/arm-atollic-eabi/6.3.1/armv7e-m/fpu/crtbegin.o
LOAD Drivers\STM32WBxx_HAL_Driver\Src\stm32wbxx_hal.o
LOAD Drivers\STM32WBxx_HAL_Driver\Src\stm32wbxx_hal_cortex.o
LOAD Drivers\STM32WBxx_HAL_Driver\Src\stm32wbxx_hal_dma.o
LOAD Drivers\STM32WBxx_HAL_Driver\Src\stm32wbxx_hal_dma_ex.o
LOAD Drivers\STM32WBxx_HAL_Driver\Src\stm32wbxx_hal_exti.o
LOAD Drivers\STM32WBxx_HAL_Driver\Src\stm32wbxx_hal_flash.o
LOAD Drivers\STM32WBxx_HAL_Driver\Src\stm32wbxx_hal_flash_ex.o
LOAD Drivers\STM32WBxx_HAL_Driver\Src\stm32wbxx_hal_gpio.o
LOAD Drivers\STM32WBxx_HAL_Driver\Src\stm32wbxx_hal_hsem.o
LOAD Drivers\STM32WBxx_HAL_Driver\Src\stm32wbxx_hal_i2c.o
LOAD Drivers\STM32WBxx_HAL_Driver\Src\stm32wbxx_hal_i2c_ex.o
LOAD Drivers\STM32WBxx_HAL_Driver\Src\stm32wbxx_hal_pcd.o
LOAD Drivers\STM32WBxx_HAL_Driver\Src\stm32wbxx_hal_pcd_ex.o
LOAD Drivers\STM32WBxx_HAL_Driver\Src\stm32wbxx_hal_pwr.o
LOAD Drivers\STM32WBxx_HAL_Driver\Src\stm32wbxx_hal_pwr_ex.o
LOAD Drivers\STM32WBxx_HAL_Driver\Src\stm32wbxx_hal_rcc.o
LOAD Drivers\STM32WBxx_HAL_Driver\Src\stm32wbxx_hal_rcc_ex.o
LOAD Drivers\STM32WBxx_HAL_Driver\Src\stm32wbxx_hal_tim.o
LOAD Drivers\STM32WBxx_HAL_Driver\Src\stm32wbxx_hal_tim_ex.o
LOAD Drivers\STM32WBxx_HAL_Driver\Src\stm32wbxx_hal_uart.o
LOAD Drivers\STM32WBxx_HAL_Driver\Src\stm32wbxx_hal_uart_ex.o
LOAD Drivers\STM32WBxx_HAL_Driver\Src\stm32wbxx_ll_usb.o
LOAD Src\adxl375.o
LOAD Src\main.o
LOAD Src\stm32wbxx_hal_msp.o
LOAD Src\stm32wbxx_it.o
LOAD Src\syscalls.o
LOAD Src\system_stm32wbxx.o
LOAD startup\startup_stm32wb55xx_cm4.o
                0x00000080                malloc_getpagesize_P = 0x80
START GROUP
LOAD h:/program files (x86)/atollic/truestudio for stm32 9.3.0/armtools/bin/../lib/gcc/arm-atollic-eabi/6.3.1/../../../../arm-atollic-eabi/lib/armv7e-m/fpu\libc_nano.a
LOAD h:/program files (x86)/atollic/truestudio for stm32 9.3.0/armtools/bin/../lib/gcc/arm-atollic-eabi/6.3.1/../../../../arm-atollic-eabi/lib/armv7e-m/fpu\libm.a
END GROUP
START GROUP
LOAD h:/program files (x86)/atollic/truestudio for stm32 9.3.0/armtools/bin/../lib/gcc/arm-atollic-eabi/6.3.1/armv7e-m/fpu\libgcc.a
LOAD h:/program files (x86)/atollic/truestudio for stm32 9.3.0/armtools/bin/../lib/gcc/arm-atollic-eabi/6.3.1/../../../../arm-atollic-eabi/lib/armv7e-m/fpu\libc_nano.a
END GROUP
START GROUP
LOAD h:/program files (x86)/atollic/truestudio for stm32 9.3.0/armtools/bin/../lib/gcc/arm-atollic-eabi/6.3.1/armv7e-m/fpu\libgcc.a
LOAD h:/program files (x86)/atollic/truestudio for stm32 9.3.0/armtools/bin/../lib/gcc/arm-atollic-eabi/6.3.1/../../../../arm-atollic-eabi/lib/armv7e-m/fpu\libc_nano.a
LOAD h:/program files (x86)/atollic/truestudio for stm32 9.3.0/armtools/bin/../lib/gcc/arm-atollic-eabi/6.3.1/../../../../arm-atollic-eabi/lib/armv7e-m/fpu\libnosys.a
END GROUP
START GROUP
LOAD h:/program files (x86)/atollic/truestudio for stm32 9.3.0/armtools/bin/../lib/gcc/arm-atollic-eabi/6.3.1/armv7e-m/fpu\libgcc.a
LOAD h:/program files (x86)/atollic/truestudio for stm32 9.3.0/armtools/bin/../lib/gcc/arm-atollic-eabi/6.3.1/../../../../arm-atollic-eabi/lib/armv7e-m/fpu\libc_nano.a
LOAD h:/program files (x86)/atollic/truestudio for stm32 9.3.0/armtools/bin/../lib/gcc/arm-atollic-eabi/6.3.1/../../../../arm-atollic-eabi/lib/armv7e-m/fpu\libnosys.a
END GROUP
LOAD h:/program files (x86)/atollic/truestudio for stm32 9.3.0/armtools/bin/../lib/gcc/arm-atollic-eabi/6.3.1/armv7e-m/fpu/crtend.o
LOAD h:/program files (x86)/atollic/truestudio for stm32 9.3.0/armtools/bin/../lib/gcc/arm-atollic-eabi/6.3.1/armv7e-m/fpu/crtn.o
                0x20030000                _estack = 0x20030000
                0x00000200                _Min_Heap_Size = 0x200
                0x00000400                _Min_Stack_Size = 0x400

.isr_vector     0x08000000      0x13c
                0x08000000                . = ALIGN (0x4)
 *(.isr_vector)
 .isr_vector    0x08000000      0x13c startup\startup_stm32wb55xx_cm4.o
                0x08000000                g_pfnVectors
                0x0800013c                . = ALIGN (0x4)

.text           0x08000140     0x42e4
                0x08000140                . = ALIGN (0x4)
 *(.text)
 .text          0x08000140       0x40 h:/program files (x86)/atollic/truestudio for stm32 9.3.0/armtools/bin/../lib/gcc/arm-atollic-eabi/6.3.1/armv7e-m/fpu/crtbegin.o
 .text          0x08000180       0xa0 h:/program files (x86)/atollic/truestudio for stm32 9.3.0/armtools/bin/../lib/gcc/arm-atollic-eabi/6.3.1/../../../../arm-atollic-eabi/lib/armv7e-m/fpu\libc_nano.a(lib_a-memchr.o)
                0x08000180                memchr
 .text          0x08000220      0x370 h:/program files (x86)/atollic/truestudio for stm32 9.3.0/armtools/bin/../lib/gcc/arm-atollic-eabi/6.3.1/armv7e-m/fpu\libgcc.a(_arm_addsubdf3.o)
                0x08000220                __aeabi_drsub
                0x08000228                __aeabi_dsub
                0x08000228                __subdf3
                0x0800022c                __aeabi_dadd
                0x0800022c                __adddf3
                0x080004a4                __floatunsidf
                0x080004a4                __aeabi_ui2d
                0x080004c4                __floatsidf
                0x080004c4                __aeabi_i2d
                0x080004e8                __aeabi_f2d
                0x080004e8                __extendsfdf2
                0x08000524                __floatundidf
                0x08000524                __aeabi_ul2d
                0x08000534                __floatdidf
                0x08000534                __aeabi_l2d
 .text          0x08000590       0x30 h:/program files (x86)/atollic/truestudio for stm32 9.3.0/armtools/bin/../lib/gcc/arm-atollic-eabi/6.3.1/armv7e-m/fpu\libgcc.a(_aeabi_uldivmod.o)
                0x08000590                __aeabi_uldivmod
 .text          0x080005c0      0x2dc h:/program files (x86)/atollic/truestudio for stm32 9.3.0/armtools/bin/../lib/gcc/arm-atollic-eabi/6.3.1/armv7e-m/fpu\libgcc.a(_udivmoddi4.o)
                0x080005c0                __udivmoddi4
 .text          0x0800089c        0x4 h:/program files (x86)/atollic/truestudio for stm32 9.3.0/armtools/bin/../lib/gcc/arm-atollic-eabi/6.3.1/armv7e-m/fpu\libgcc.a(_dvmd_tls.o)
                0x0800089c                __aeabi_idiv0
                0x0800089c                __aeabi_ldiv0
 *(.text*)
 .text.HAL_InitTick
                0x080008a0       0x4c Drivers\STM32WBxx_HAL_Driver\Src\stm32wbxx_hal.o
                0x080008a0                HAL_InitTick
 .text.HAL_Init
                0x080008ec       0x2c Drivers\STM32WBxx_HAL_Driver\Src\stm32wbxx_hal.o
                0x080008ec                HAL_Init
 .text.HAL_IncTick
                0x08000918       0x18 Drivers\STM32WBxx_HAL_Driver\Src\stm32wbxx_hal.o
                0x08000918                HAL_IncTick
 .text.HAL_GetTick
                0x08000930        0xc Drivers\STM32WBxx_HAL_Driver\Src\stm32wbxx_hal.o
                0x08000930                HAL_GetTick
 .text.HAL_GetTickPrio
                0x0800093c        0xc Drivers\STM32WBxx_HAL_Driver\Src\stm32wbxx_hal.o
                0x0800093c                HAL_GetTickPrio
 .text.HAL_Delay
                0x08000948       0x28 Drivers\STM32WBxx_HAL_Driver\Src\stm32wbxx_hal.o
                0x08000948                HAL_Delay
 .text.HAL_NVIC_SetPriorityGrouping
                0x08000970       0x24 Drivers\STM32WBxx_HAL_Driver\Src\stm32wbxx_hal_cortex.o
                0x08000970                HAL_NVIC_SetPriorityGrouping
 .text.HAL_NVIC_SetPriority
                0x08000994       0x68 Drivers\STM32WBxx_HAL_Driver\Src\stm32wbxx_hal_cortex.o
                0x08000994                HAL_NVIC_SetPriority
 .text.HAL_NVIC_EnableIRQ
                0x080009fc       0x18 Drivers\STM32WBxx_HAL_Driver\Src\stm32wbxx_hal_cortex.o
                0x080009fc                HAL_NVIC_EnableIRQ
 .text.HAL_SYSTICK_Config
                0x08000a14       0x2c Drivers\STM32WBxx_HAL_Driver\Src\stm32wbxx_hal_cortex.o
                0x08000a14                HAL_SYSTICK_Config
 .text.HAL_GPIO_Init
                0x08000a40      0x164 Drivers\STM32WBxx_HAL_Driver\Src\stm32wbxx_hal_gpio.o
                0x08000a40                HAL_GPIO_Init
 .text.HAL_GPIO_WritePin
                0x08000ba4        0xa Drivers\STM32WBxx_HAL_Driver\Src\stm32wbxx_hal_gpio.o
                0x08000ba4                HAL_GPIO_WritePin
 .text.HAL_GPIO_EXTI_Callback
                0x08000bae        0x2 Drivers\STM32WBxx_HAL_Driver\Src\stm32wbxx_hal_gpio.o
                0x08000bae                HAL_GPIO_EXTI_Callback
 .text.HAL_GPIO_EXTI_IRQHandler
                0x08000bb0       0x18 Drivers\STM32WBxx_HAL_Driver\Src\stm32wbxx_hal_gpio.o
                0x08000bb0                HAL_GPIO_EXTI_IRQHandler
 .text.I2C_Flush_TXDR
                0x08000bc8       0x1c Drivers\STM32WBxx_HAL_Driver\Src\stm32wbxx_hal_i2c.o
 .text.I2C_TransferConfig
                0x08000be4       0x34 Drivers\STM32WBxx_HAL_Driver\Src\stm32wbxx_hal_i2c.o
 .text.I2C_WaitOnFlagUntilTimeout
                0x08000c18       0x56 Drivers\STM32WBxx_HAL_Driver\Src\stm32wbxx_hal_i2c.o
 .text.I2C_IsAcknowledgeFailed
                0x08000c6e       0x7a Drivers\STM32WBxx_HAL_Driver\Src\stm32wbxx_hal_i2c.o
 .text.I2C_WaitOnTXISFlagUntilTimeout
                0x08000ce8       0x4e Drivers\STM32WBxx_HAL_Driver\Src\stm32wbxx_hal_i2c.o
 *fill*         0x08000d36        0x2 
 .text.I2C_RequestMemoryRead
                0x08000d38       0x64 Drivers\STM32WBxx_HAL_Driver\Src\stm32wbxx_hal_i2c.o
 .text.I2C_WaitOnSTOPFlagUntilTimeout
                0x08000d9c       0x4a Drivers\STM32WBxx_HAL_Driver\Src\stm32wbxx_hal_i2c.o
 .text.HAL_I2C_Init
                0x08000de6       0xa2 Drivers\STM32WBxx_HAL_Driver\Src\stm32wbxx_hal_i2c.o
                0x08000de6                HAL_I2C_Init
 .text.HAL_I2C_Master_Transmit
                0x08000e88      0x128 Drivers\STM32WBxx_HAL_Driver\Src\stm32wbxx_hal_i2c.o
                0x08000e88                HAL_I2C_Master_Transmit
 .text.HAL_I2C_Mem_Read
                0x08000fb0      0x17c Drivers\STM32WBxx_HAL_Driver\Src\stm32wbxx_hal_i2c.o
                0x08000fb0                HAL_I2C_Mem_Read
 .text.HAL_I2CEx_ConfigAnalogFilter
                0x0800112c       0x4c Drivers\STM32WBxx_HAL_Driver\Src\stm32wbxx_hal_i2c_ex.o
                0x0800112c                HAL_I2CEx_ConfigAnalogFilter
 .text.HAL_I2CEx_ConfigDigitalFilter
                0x08001178       0x4a Drivers\STM32WBxx_HAL_Driver\Src\stm32wbxx_hal_i2c_ex.o
                0x08001178                HAL_I2CEx_ConfigDigitalFilter
 .text.HAL_PCD_Init
                0x080011c2       0xc0 Drivers\STM32WBxx_HAL_Driver\Src\stm32wbxx_hal_pcd.o
                0x080011c2                HAL_PCD_Init
 .text.HAL_PCDEx_ActivateLPM
                0x08001282       0x2c Drivers\STM32WBxx_HAL_Driver\Src\stm32wbxx_hal_pcd_ex.o
                0x08001282                HAL_PCDEx_ActivateLPM
 *fill*         0x080012ae        0x2 
 .text.HAL_PWR_EnableBkUpAccess
                0x080012b0       0x10 Drivers\STM32WBxx_HAL_Driver\Src\stm32wbxx_hal_pwr.o
                0x080012b0                HAL_PWR_EnableBkUpAccess
 .text.HAL_PWREx_GetVoltageRange
                0x080012c0       0x10 Drivers\STM32WBxx_HAL_Driver\Src\stm32wbxx_hal_pwr_ex.o
                0x080012c0                HAL_PWREx_GetVoltageRange
 .text.LL_RCC_HSE_IsReady
                0x080012d0        0xc Drivers\STM32WBxx_HAL_Driver\Src\stm32wbxx_hal_rcc.o
 .text.LL_RCC_HSI_IsReady
                0x080012dc        0xc Drivers\STM32WBxx_HAL_Driver\Src\stm32wbxx_hal_rcc.o
 .text.LL_RCC_LSI1_IsReady
                0x080012e8        0xe Drivers\STM32WBxx_HAL_Driver\Src\stm32wbxx_hal_rcc.o
 .text.LL_RCC_MSI_IsReady
                0x080012f6        0xc Drivers\STM32WBxx_HAL_Driver\Src\stm32wbxx_hal_rcc.o
 .text.LL_RCC_MSI_SetRange
                0x08001302       0x10 Drivers\STM32WBxx_HAL_Driver\Src\stm32wbxx_hal_rcc.o
 .text.LL_RCC_MSI_GetRange
                0x08001312       0x12 Drivers\STM32WBxx_HAL_Driver\Src\stm32wbxx_hal_rcc.o
 .text.LL_RCC_MSI_SetCalibTrimming
                0x08001324       0x12 Drivers\STM32WBxx_HAL_Driver\Src\stm32wbxx_hal_rcc.o
 .text.LL_RCC_PLL_IsReady
                0x08001336        0xc Drivers\STM32WBxx_HAL_Driver\Src\stm32wbxx_hal_rcc.o
 *fill*         0x08001342        0x2 
 .text.RCC_SetFlashLatencyFromMSIRange
                0x08001344       0xe0 Drivers\STM32WBxx_HAL_Driver\Src\stm32wbxx_hal_rcc.o
 .text.HAL_RCC_OscConfig
                0x08001424      0x57c Drivers\STM32WBxx_HAL_Driver\Src\stm32wbxx_hal_rcc.o
                0x08001424                HAL_RCC_OscConfig
 .text.HAL_RCC_ClockConfig
                0x080019a0      0x1fc Drivers\STM32WBxx_HAL_Driver\Src\stm32wbxx_hal_rcc.o
                0x080019a0                HAL_RCC_ClockConfig
 .text.HAL_RCC_GetSysClockFreq
                0x08001b9c       0x9c Drivers\STM32WBxx_HAL_Driver\Src\stm32wbxx_hal_rcc.o
                0x08001b9c                HAL_RCC_GetSysClockFreq
 .text.HAL_RCC_GetHCLKFreq
                0x08001c38       0x20 Drivers\STM32WBxx_HAL_Driver\Src\stm32wbxx_hal_rcc.o
                0x08001c38                HAL_RCC_GetHCLKFreq
 .text.HAL_RCC_GetPCLK1Freq
                0x08001c58       0x24 Drivers\STM32WBxx_HAL_Driver\Src\stm32wbxx_hal_rcc.o
                0x08001c58                HAL_RCC_GetPCLK1Freq
 .text.HAL_RCC_GetPCLK2Freq
                0x08001c7c       0x24 Drivers\STM32WBxx_HAL_Driver\Src\stm32wbxx_hal_rcc.o
                0x08001c7c                HAL_RCC_GetPCLK2Freq
 .text.LL_RCC_LSE_IsReady
                0x08001ca0        0xe Drivers\STM32WBxx_HAL_Driver\Src\stm32wbxx_hal_rcc_ex.o
 .text.LL_RCC_SetI2CClockSource
                0x08001cae       0x20 Drivers\STM32WBxx_HAL_Driver\Src\stm32wbxx_hal_rcc_ex.o
 .text.LL_RCC_PLLSAI1_Enable
                0x08001cce        0xe Drivers\STM32WBxx_HAL_Driver\Src\stm32wbxx_hal_rcc_ex.o
 .text.LL_RCC_PLLSAI1_Disable
                0x08001cdc        0xe Drivers\STM32WBxx_HAL_Driver\Src\stm32wbxx_hal_rcc_ex.o
 .text.LL_RCC_PLLSAI1_IsReady
                0x08001cea        0xc Drivers\STM32WBxx_HAL_Driver\Src\stm32wbxx_hal_rcc_ex.o
 .text.HAL_RCCEx_PeriphCLKConfig
                0x08001cf6      0x344 Drivers\STM32WBxx_HAL_Driver\Src\stm32wbxx_hal_rcc_ex.o
                0x08001cf6                HAL_RCCEx_PeriphCLKConfig
 .text.HAL_RCCEx_EnableMSIPLLMode
                0x0800203a        0xe Drivers\STM32WBxx_HAL_Driver\Src\stm32wbxx_hal_rcc_ex.o
                0x0800203a                HAL_RCCEx_EnableMSIPLLMode
 .text.UART_SetConfig
                0x08002048      0x880 Drivers\STM32WBxx_HAL_Driver\Src\stm32wbxx_hal_uart.o
                0x08002048                UART_SetConfig
 .text.UART_AdvFeatureConfig
                0x080028c8       0xa8 Drivers\STM32WBxx_HAL_Driver\Src\stm32wbxx_hal_uart.o
                0x080028c8                UART_AdvFeatureConfig
 .text.UART_WaitOnFlagUntilTimeout
                0x08002970       0x62 Drivers\STM32WBxx_HAL_Driver\Src\stm32wbxx_hal_uart.o
                0x08002970                UART_WaitOnFlagUntilTimeout
 .text.UART_CheckIdleState
                0x080029d2       0x66 Drivers\STM32WBxx_HAL_Driver\Src\stm32wbxx_hal_uart.o
                0x080029d2                UART_CheckIdleState
 .text.HAL_UART_Init
                0x08002a38       0x60 Drivers\STM32WBxx_HAL_Driver\Src\stm32wbxx_hal_uart.o
                0x08002a38                HAL_UART_Init
 .text.UARTEx_SetNbDataToProcess
                0x08002a98       0x96 Drivers\STM32WBxx_HAL_Driver\Src\stm32wbxx_hal_uart_ex.o
 .text.HAL_UARTEx_DisableFifoMode
                0x08002b2e       0x36 Drivers\STM32WBxx_HAL_Driver\Src\stm32wbxx_hal_uart_ex.o
                0x08002b2e                HAL_UARTEx_DisableFifoMode
 .text.HAL_UARTEx_SetTxFifoThreshold
                0x08002b64       0x48 Drivers\STM32WBxx_HAL_Driver\Src\stm32wbxx_hal_uart_ex.o
                0x08002b64                HAL_UARTEx_SetTxFifoThreshold
 .text.HAL_UARTEx_SetRxFifoThreshold
                0x08002bac       0x48 Drivers\STM32WBxx_HAL_Driver\Src\stm32wbxx_hal_uart_ex.o
                0x08002bac                HAL_UARTEx_SetRxFifoThreshold
 .text.USB_DisableGlobalInt
                0x08002bf4       0x14 Drivers\STM32WBxx_HAL_Driver\Src\stm32wbxx_ll_usb.o
                0x08002bf4                USB_DisableGlobalInt
 .text.USB_DevInit
                0x08002c08       0x3a Drivers\STM32WBxx_HAL_Driver\Src\stm32wbxx_ll_usb.o
                0x08002c08                USB_DevInit
 *fill*         0x08002c42        0x2 
 .text.adxlWriteI2C
                0x08002c44       0x24 Src\adxl375.o
                0x08002c44                adxlWriteI2C
 .text.adxlMultiByteReadI2C
                0x08002c68       0x24 Src\adxl375.o
                0x08002c68                adxlMultiByteReadI2C
 .text.adxlReadRegI2C
                0x08002c8c       0x2c Src\adxl375.o
                0x08002c8c                adxlReadRegI2C
 .text.adxlInitTestI2C
                0x08002cb8       0x70 Src\adxl375.o
                0x08002cb8                adxlInitTestI2C
 .text.adxlInitInterruptTest
                0x08002d28       0x80 Src\adxl375.o
                0x08002d28                adxlInitInterruptTest
 .text.LL_AHB2_GRP1_EnableClock
                0x08002da8       0x18 Src\main.o
 .text.SystemClock_Config
                0x08002dc0       0xec Src\main.o
                0x08002dc0                SystemClock_Config
 .text.adxlTestMeasure
                0x08002eac       0xf4 Src\main.o
                0x08002eac                adxlTestMeasure
 .text.startup.main
                0x08002fa0      0x180 Src\main.o
                0x08002fa0                main
 .text.runTestRoutine
                0x08003120       0x14 Src\main.o
                0x08003120                runTestRoutine
 .text.LL_AHB2_GRP1_EnableClock
                0x08003134       0x18 Src\stm32wbxx_hal_msp.o
 .text.HAL_MspInit
                0x0800314c        0x2 Src\stm32wbxx_hal_msp.o
                0x0800314c                HAL_MspInit
 *fill*         0x0800314e        0x2 
 .text.HAL_I2C_MspInit
                0x08003150       0x60 Src\stm32wbxx_hal_msp.o
                0x08003150                HAL_I2C_MspInit
 .text.HAL_UART_MspInit
                0x080031b0       0x5c Src\stm32wbxx_hal_msp.o
                0x080031b0                HAL_UART_MspInit
 .text.HAL_PCD_MspInit
                0x0800320c       0x5c Src\stm32wbxx_hal_msp.o
                0x0800320c                HAL_PCD_MspInit
 .text.NMI_Handler
                0x08003268        0x2 Src\stm32wbxx_it.o
                0x08003268                NMI_Handler
 .text.HardFault_Handler
                0x0800326a        0x2 Src\stm32wbxx_it.o
                0x0800326a                HardFault_Handler
 .text.MemManage_Handler
                0x0800326c        0x2 Src\stm32wbxx_it.o
                0x0800326c                MemManage_Handler
 .text.BusFault_Handler
                0x0800326e        0x2 Src\stm32wbxx_it.o
                0x0800326e                BusFault_Handler
 .text.UsageFault_Handler
                0x08003270        0x2 Src\stm32wbxx_it.o
                0x08003270                UsageFault_Handler
 .text.SVC_Handler
                0x08003272        0x2 Src\stm32wbxx_it.o
                0x08003272                SVC_Handler
 .text.DebugMon_Handler
                0x08003274        0x2 Src\stm32wbxx_it.o
                0x08003274                DebugMon_Handler
 .text.PendSV_Handler
                0x08003276        0x2 Src\stm32wbxx_it.o
                0x08003276                PendSV_Handler
 .text.SysTick_Handler
                0x08003278        0x4 Src\stm32wbxx_it.o
                0x08003278                SysTick_Handler
 .text.EXTI0_IRQHandler
                0x0800327c       0x30 Src\stm32wbxx_it.o
                0x0800327c                EXTI0_IRQHandler
 .text.EXTI1_IRQHandler
                0x080032ac       0x30 Src\stm32wbxx_it.o
                0x080032ac                EXTI1_IRQHandler
 .text.EXTI9_5_IRQHandler
                0x080032dc       0x28 Src\stm32wbxx_it.o
                0x080032dc                EXTI9_5_IRQHandler
 .text._read    0x08003304       0x1c Src\syscalls.o
                0x08003304                _read
 .text._write   0x08003320       0x1c Src\syscalls.o
                0x08003320                _write
 .text._sbrk    0x0800333c       0x34 Src\syscalls.o
                0x0800333c                _sbrk
 .text._close   0x08003370        0x6 Src\syscalls.o
                0x08003370                _close
 .text._fstat   0x08003376        0xa Src\syscalls.o
                0x08003376                _fstat
 .text._isatty  0x08003380        0x4 Src\syscalls.o
                0x08003380                _isatty
 .text._lseek   0x08003384        0x4 Src\syscalls.o
                0x08003384                _lseek
 .text.SystemInit
                0x08003388       0x68 Src\system_stm32wbxx.o
                0x08003388                SystemInit
 .text.SystemCoreClockUpdate
                0x080033f0       0xac Src\system_stm32wbxx.o
                0x080033f0                SystemCoreClockUpdate
 .text.Reset_Handler
                0x0800349c       0x50 startup\startup_stm32wb55xx_cm4.o
                0x0800349c                Reset_Handler
 .text.Default_Handler
                0x080034ec        0x2 startup\startup_stm32wb55xx_cm4.o
                0x080034ec                RTC_Alarm_IRQHandler
                0x080034ec                EXTI2_IRQHandler
                0x080034ec                TIM1_CC_IRQHandler
                0x080034ec                TSC_IRQHandler
                0x080034ec                USB_HP_IRQHandler
                0x080034ec                EXTI3_IRQHandler
                0x080034ec                LPTIM2_IRQHandler
                0x080034ec                I2C3_ER_IRQHandler
                0x080034ec                FPU_IRQHandler
                0x080034ec                TIM1_UP_TIM16_IRQHandler
                0x080034ec                AES1_IRQHandler
                0x080034ec                SPI1_IRQHandler
                0x080034ec                PWR_SOTF_BLEACT_802ACT_RFPHASE_IRQHandler
                0x080034ec                DMA2_Channel2_IRQHandler
                0x080034ec                DMA1_Channel4_IRQHandler
                0x080034ec                ADC1_IRQHandler
                0x080034ec                PKA_IRQHandler
                0x080034ec                DMA1_Channel7_IRQHandler
                0x080034ec                LCD_IRQHandler
                0x080034ec                IPCC_C1_TX_IRQHandler
                0x080034ec                DMA2_Channel1_IRQHandler
                0x080034ec                QUADSPI_IRQHandler
                0x080034ec                I2C1_EV_IRQHandler
                0x080034ec                DMAMUX1_OVR_IRQHandler
                0x080034ec                DMA1_Channel6_IRQHandler
                0x080034ec                DMA2_Channel4_IRQHandler
                0x080034ec                RCC_IRQHandler
                0x080034ec                DMA1_Channel1_IRQHandler
                0x080034ec                Default_Handler
                0x080034ec                DMA2_Channel7_IRQHandler
                0x080034ec                EXTI15_10_IRQHandler
                0x080034ec                IPCC_C1_RX_IRQHandler
                0x080034ec                C2SEV_PWR_C2H_IRQHandler
                0x080034ec                AES2_IRQHandler
                0x080034ec                I2C3_EV_IRQHandler
                0x080034ec                RTC_WKUP_IRQHandler
                0x080034ec                PVD_PVM_IRQHandler
                0x080034ec                SPI2_IRQHandler
                0x080034ec                DMA2_Channel5_IRQHandler
                0x080034ec                CRS_IRQHandler
                0x080034ec                DMA1_Channel5_IRQHandler
                0x080034ec                USB_LP_IRQHandler
                0x080034ec                EXTI4_IRQHandler
                0x080034ec                RNG_IRQHandler
                0x080034ec                TIM1_TRG_COM_TIM17_IRQHandler
                0x080034ec                TAMP_STAMP_LSECSS_IRQHandler
                0x080034ec                DMA1_Channel3_IRQHandler
                0x080034ec                COMP_IRQHandler
                0x080034ec                HSEM_IRQHandler
                0x080034ec                WWDG_IRQHandler
                0x080034ec                LPUART1_IRQHandler
                0x080034ec                DMA2_Channel6_IRQHandler
                0x080034ec                TIM2_IRQHandler
                0x080034ec                TIM1_BRK_IRQHandler
                0x080034ec                DMA1_Channel2_IRQHandler
                0x080034ec                FLASH_IRQHandler
                0x080034ec                USART1_IRQHandler
                0x080034ec                I2C1_ER_IRQHandler
                0x080034ec                LPTIM1_IRQHandler
                0x080034ec                SAI1_IRQHandler
                0x080034ec                DMA2_Channel3_IRQHandler
 *fill*         0x080034ee        0x2 
 .text.__errno  0x080034f0        0xc h:/program files (x86)/atollic/truestudio for stm32 9.3.0/armtools/bin/../lib/gcc/arm-atollic-eabi/6.3.1/../../../../arm-atollic-eabi/lib/armv7e-m/fpu\libc_nano.a(lib_a-errno.o)
                0x080034f0                __errno
 .text.__libc_init_array
                0x080034fc       0x48 h:/program files (x86)/atollic/truestudio for stm32 9.3.0/armtools/bin/../lib/gcc/arm-atollic-eabi/6.3.1/../../../../arm-atollic-eabi/lib/armv7e-m/fpu\libc_nano.a(lib_a-init.o)
                0x080034fc                __libc_init_array
 .text.memset   0x08003544       0x10 h:/program files (x86)/atollic/truestudio for stm32 9.3.0/armtools/bin/../lib/gcc/arm-atollic-eabi/6.3.1/../../../../arm-atollic-eabi/lib/armv7e-m/fpu\libc_nano.a(lib_a-memset.o)
                0x08003544                memset
 .text.printf   0x08003554       0x30 h:/program files (x86)/atollic/truestudio for stm32 9.3.0/armtools/bin/../lib/gcc/arm-atollic-eabi/6.3.1/../../../../arm-atollic-eabi/lib/armv7e-m/fpu\libc_nano.a(lib_a-printf.o)
                0x08003554                iprintf
                0x08003554                printf
 .text._puts_r  0x08003584       0xb8 h:/program files (x86)/atollic/truestudio for stm32 9.3.0/armtools/bin/../lib/gcc/arm-atollic-eabi/6.3.1/../../../../arm-atollic-eabi/lib/armv7e-m/fpu\libc_nano.a(lib_a-puts.o)
                0x08003584                _puts_r
 .text.puts     0x0800363c       0x10 h:/program files (x86)/atollic/truestudio for stm32 9.3.0/armtools/bin/../lib/gcc/arm-atollic-eabi/6.3.1/../../../../arm-atollic-eabi/lib/armv7e-m/fpu\libc_nano.a(lib_a-puts.o)
                0x0800363c                puts
 .text.__swbuf_r
                0x0800364c       0xa4 h:/program files (x86)/atollic/truestudio for stm32 9.3.0/armtools/bin/../lib/gcc/arm-atollic-eabi/6.3.1/../../../../arm-atollic-eabi/lib/armv7e-m/fpu\libc_nano.a(lib_a-wbuf.o)
                0x0800364c                __swbuf_r
 .text.__swsetup_r
                0x080036f0       0xdc h:/program files (x86)/atollic/truestudio for stm32 9.3.0/armtools/bin/../lib/gcc/arm-atollic-eabi/6.3.1/../../../../arm-atollic-eabi/lib/armv7e-m/fpu\libc_nano.a(lib_a-wsetup.o)
                0x080036f0                __swsetup_r
 .text.__sflush_r
                0x080037cc      0x110 h:/program files (x86)/atollic/truestudio for stm32 9.3.0/armtools/bin/../lib/gcc/arm-atollic-eabi/6.3.1/../../../../arm-atollic-eabi/lib/armv7e-m/fpu\libc_nano.a(lib_a-fflush.o)
                0x080037cc                __sflush_r
 .text._fflush_r
                0x080038dc       0x54 h:/program files (x86)/atollic/truestudio for stm32 9.3.0/armtools/bin/../lib/gcc/arm-atollic-eabi/6.3.1/../../../../arm-atollic-eabi/lib/armv7e-m/fpu\libc_nano.a(lib_a-fflush.o)
                0x080038dc                _fflush_r
 .text._cleanup_r
                0x08003930        0xc h:/program files (x86)/atollic/truestudio for stm32 9.3.0/armtools/bin/../lib/gcc/arm-atollic-eabi/6.3.1/../../../../arm-atollic-eabi/lib/armv7e-m/fpu\libc_nano.a(lib_a-findfp.o)
                0x08003930                _cleanup_r
 .text.std.isra.0
                0x0800393c       0x48 h:/program files (x86)/atollic/truestudio for stm32 9.3.0/armtools/bin/../lib/gcc/arm-atollic-eabi/6.3.1/../../../../arm-atollic-eabi/lib/armv7e-m/fpu\libc_nano.a(lib_a-findfp.o)
 .text.__sfmoreglue
                0x08003984       0x2c h:/program files (x86)/atollic/truestudio for stm32 9.3.0/armtools/bin/../lib/gcc/arm-atollic-eabi/6.3.1/../../../../arm-atollic-eabi/lib/armv7e-m/fpu\libc_nano.a(lib_a-findfp.o)
                0x08003984                __sfmoreglue
 .text.__sinit  0x080039b0       0x60 h:/program files (x86)/atollic/truestudio for stm32 9.3.0/armtools/bin/../lib/gcc/arm-atollic-eabi/6.3.1/../../../../arm-atollic-eabi/lib/armv7e-m/fpu\libc_nano.a(lib_a-findfp.o)
                0x080039b0                __sinit
 .text.__sfp    0x08003a10       0x78 h:/program files (x86)/atollic/truestudio for stm32 9.3.0/armtools/bin/../lib/gcc/arm-atollic-eabi/6.3.1/../../../../arm-atollic-eabi/lib/armv7e-m/fpu\libc_nano.a(lib_a-findfp.o)
                0x08003a10                __sfp
 .text._fwalk_reent
                0x08003a88       0x3c h:/program files (x86)/atollic/truestudio for stm32 9.3.0/armtools/bin/../lib/gcc/arm-atollic-eabi/6.3.1/../../../../arm-atollic-eabi/lib/armv7e-m/fpu\libc_nano.a(lib_a-fwalk.o)
                0x08003a88                _fwalk_reent
 .text.__swhatbuf_r
                0x08003ac4       0x48 h:/program files (x86)/atollic/truestudio for stm32 9.3.0/armtools/bin/../lib/gcc/arm-atollic-eabi/6.3.1/../../../../arm-atollic-eabi/lib/armv7e-m/fpu\libc_nano.a(lib_a-makebuf.o)
                0x08003ac4                __swhatbuf_r
 .text.__smakebuf_r
                0x08003b0c       0x80 h:/program files (x86)/atollic/truestudio for stm32 9.3.0/armtools/bin/../lib/gcc/arm-atollic-eabi/6.3.1/../../../../arm-atollic-eabi/lib/armv7e-m/fpu\libc_nano.a(lib_a-makebuf.o)
                0x08003b0c                __smakebuf_r
 .text._free_r  0x08003b8c       0x9c h:/program files (x86)/atollic/truestudio for stm32 9.3.0/armtools/bin/../lib/gcc/arm-atollic-eabi/6.3.1/../../../../arm-atollic-eabi/lib/armv7e-m/fpu\libc_nano.a(lib_a-nano-freer.o)
                0x08003b8c                _free_r
 .text._malloc_r
                0x08003c28       0xbc h:/program files (x86)/atollic/truestudio for stm32 9.3.0/armtools/bin/../lib/gcc/arm-atollic-eabi/6.3.1/../../../../arm-atollic-eabi/lib/armv7e-m/fpu\libc_nano.a(lib_a-nano-mallocr.o)
                0x08003c28                _malloc_r
 .text.__sfputc_r
                0x08003ce4       0x30 h:/program files (x86)/atollic/truestudio for stm32 9.3.0/armtools/bin/../lib/gcc/arm-atollic-eabi/6.3.1/../../../../arm-atollic-eabi/lib/armv7e-m/fpu\libc_nano.a(lib_a-nano-vfprintf.o)
 .text.__sfputs_r
                0x08003d14       0x24 h:/program files (x86)/atollic/truestudio for stm32 9.3.0/armtools/bin/../lib/gcc/arm-atollic-eabi/6.3.1/../../../../arm-atollic-eabi/lib/armv7e-m/fpu\libc_nano.a(lib_a-nano-vfprintf.o)
                0x08003d14                __sfputs_r
 .text._vfprintf_r
                0x08003d38      0x22c h:/program files (x86)/atollic/truestudio for stm32 9.3.0/armtools/bin/../lib/gcc/arm-atollic-eabi/6.3.1/../../../../arm-atollic-eabi/lib/armv7e-m/fpu\libc_nano.a(lib_a-nano-vfprintf.o)
                0x08003d38                _vfprintf_r
                0x08003d38                _vfiprintf_r
 .text._printf_common
                0x08003f64       0xec h:/program files (x86)/atollic/truestudio for stm32 9.3.0/armtools/bin/../lib/gcc/arm-atollic-eabi/6.3.1/../../../../arm-atollic-eabi/lib/armv7e-m/fpu\libc_nano.a(lib_a-nano-vfprintf_i.o)
                0x08003f64                _printf_common
 .text._printf_i
                0x08004050      0x240 h:/program files (x86)/atollic/truestudio for stm32 9.3.0/armtools/bin/../lib/gcc/arm-atollic-eabi/6.3.1/../../../../arm-atollic-eabi/lib/armv7e-m/fpu\libc_nano.a(lib_a-nano-vfprintf_i.o)
                0x08004050                _printf_i
 .text._sbrk_r  0x08004290       0x20 h:/program files (x86)/atollic/truestudio for stm32 9.3.0/armtools/bin/../lib/gcc/arm-atollic-eabi/6.3.1/../../../../arm-atollic-eabi/lib/armv7e-m/fpu\libc_nano.a(lib_a-sbrkr.o)
                0x08004290                _sbrk_r
 .text.__sread  0x080042b0       0x22 h:/program files (x86)/atollic/truestudio for stm32 9.3.0/armtools/bin/../lib/gcc/arm-atollic-eabi/6.3.1/../../../../arm-atollic-eabi/lib/armv7e-m/fpu\libc_nano.a(lib_a-stdio.o)
                0x080042b0                __sread
 .text.__swrite
                0x080042d2       0x38 h:/program files (x86)/atollic/truestudio for stm32 9.3.0/armtools/bin/../lib/gcc/arm-atollic-eabi/6.3.1/../../../../arm-atollic-eabi/lib/armv7e-m/fpu\libc_nano.a(lib_a-stdio.o)
                0x080042d2                __swrite
 .text.__sseek  0x0800430a       0x24 h:/program files (x86)/atollic/truestudio for stm32 9.3.0/armtools/bin/../lib/gcc/arm-atollic-eabi/6.3.1/../../../../arm-atollic-eabi/lib/armv7e-m/fpu\libc_nano.a(lib_a-stdio.o)
                0x0800430a                __sseek
 .text.__sclose
                0x0800432e        0x8 h:/program files (x86)/atollic/truestudio for stm32 9.3.0/armtools/bin/../lib/gcc/arm-atollic-eabi/6.3.1/../../../../arm-atollic-eabi/lib/armv7e-m/fpu\libc_nano.a(lib_a-stdio.o)
                0x0800432e                __sclose
 *fill*         0x08004336        0x2 
 .text._write_r
                0x08004338       0x24 h:/program files (x86)/atollic/truestudio for stm32 9.3.0/armtools/bin/../lib/gcc/arm-atollic-eabi/6.3.1/../../../../arm-atollic-eabi/lib/armv7e-m/fpu\libc_nano.a(lib_a-writer.o)
                0x08004338                _write_r
 .text._close_r
                0x0800435c       0x20 h:/program files (x86)/atollic/truestudio for stm32 9.3.0/armtools/bin/../lib/gcc/arm-atollic-eabi/6.3.1/../../../../arm-atollic-eabi/lib/armv7e-m/fpu\libc_nano.a(lib_a-closer.o)
                0x0800435c                _close_r
 .text._fstat_r
                0x0800437c       0x24 h:/program files (x86)/atollic/truestudio for stm32 9.3.0/armtools/bin/../lib/gcc/arm-atollic-eabi/6.3.1/../../../../arm-atollic-eabi/lib/armv7e-m/fpu\libc_nano.a(lib_a-fstatr.o)
                0x0800437c                _fstat_r
 .text._isatty_r
                0x080043a0       0x20 h:/program files (x86)/atollic/truestudio for stm32 9.3.0/armtools/bin/../lib/gcc/arm-atollic-eabi/6.3.1/../../../../arm-atollic-eabi/lib/armv7e-m/fpu\libc_nano.a(lib_a-isattyr.o)
                0x080043a0                _isatty_r
 .text._lseek_r
                0x080043c0       0x24 h:/program files (x86)/atollic/truestudio for stm32 9.3.0/armtools/bin/../lib/gcc/arm-atollic-eabi/6.3.1/../../../../arm-atollic-eabi/lib/armv7e-m/fpu\libc_nano.a(lib_a-lseekr.o)
                0x080043c0                _lseek_r
 .text.__malloc_lock
                0x080043e4        0x2 h:/program files (x86)/atollic/truestudio for stm32 9.3.0/armtools/bin/../lib/gcc/arm-atollic-eabi/6.3.1/../../../../arm-atollic-eabi/lib/armv7e-m/fpu\libc_nano.a(lib_a-mlock.o)
                0x080043e4                __malloc_lock
 .text.__malloc_unlock
                0x080043e6        0x2 h:/program files (x86)/atollic/truestudio for stm32 9.3.0/armtools/bin/../lib/gcc/arm-atollic-eabi/6.3.1/../../../../arm-atollic-eabi/lib/armv7e-m/fpu\libc_nano.a(lib_a-mlock.o)
                0x080043e6                __malloc_unlock
 .text._read_r  0x080043e8       0x24 h:/program files (x86)/atollic/truestudio for stm32 9.3.0/armtools/bin/../lib/gcc/arm-atollic-eabi/6.3.1/../../../../arm-atollic-eabi/lib/armv7e-m/fpu\libc_nano.a(lib_a-readr.o)
                0x080043e8                _read_r
 *(.glue_7)
 .glue_7        0x0800440c        0x0 linker stubs
 *(.glue_7t)
 .glue_7t       0x0800440c        0x0 linker stubs
 *(.eh_frame)
 .eh_frame      0x0800440c        0x0 h:/program files (x86)/atollic/truestudio for stm32 9.3.0/armtools/bin/../lib/gcc/arm-atollic-eabi/6.3.1/armv7e-m/fpu/crtbegin.o
 *(.init)
 .init          0x0800440c        0x4 h:/program files (x86)/atollic/truestudio for stm32 9.3.0/armtools/bin/../lib/gcc/arm-atollic-eabi/6.3.1/armv7e-m/fpu/crti.o
                0x0800440c                _init
 .init          0x08004410        0x8 h:/program files (x86)/atollic/truestudio for stm32 9.3.0/armtools/bin/../lib/gcc/arm-atollic-eabi/6.3.1/armv7e-m/fpu/crtn.o
 *(.fini)
 .fini          0x08004418        0x4 h:/program files (x86)/atollic/truestudio for stm32 9.3.0/armtools/bin/../lib/gcc/arm-atollic-eabi/6.3.1/armv7e-m/fpu/crti.o
                0x08004418                _fini
 .fini          0x0800441c        0x8 h:/program files (x86)/atollic/truestudio for stm32 9.3.0/armtools/bin/../lib/gcc/arm-atollic-eabi/6.3.1/armv7e-m/fpu/crtn.o
                0x08004424                . = ALIGN (0x4)
                0x08004424                _etext = .

.vfp11_veneer   0x08004424        0x0
 .vfp11_veneer  0x08004424        0x0 linker stubs

.v4_bx          0x08004424        0x0
 .v4_bx         0x08004424        0x0 linker stubs

.iplt           0x08004424        0x0
 .iplt          0x08004424        0x0 h:/program files (x86)/atollic/truestudio for stm32 9.3.0/armtools/bin/../lib/gcc/arm-atollic-eabi/6.3.1/armv7e-m/fpu/crtbegin.o

.rodata         0x08004424      0x248
                0x08004424                . = ALIGN (0x4)
 *(.rodata)
 .rodata        0x08004424       0x2c Drivers\STM32WBxx_HAL_Driver\Src\stm32wbxx_hal_rcc.o
 *(.rodata*)
 .rodata.CSWTCH.252
                0x08004450        0x4 Drivers\STM32WBxx_HAL_Driver\Src\stm32wbxx_hal_uart.o
 .rodata.adxlInitInterruptTest.str1.1
                0x08004454       0x50 Src\adxl375.o
 .rodata.adxlInitTestI2C.str1.1
                0x080044a4       0x64 Src\adxl375.o
 .rodata.adxlTestMeasure.str1.1
                0x08004508       0x12 Src\main.o
 .rodata.EXTI9_5_IRQHandler.str1.1
                0x0800451a       0x18 Src\stm32wbxx_it.o
 *fill*         0x08004532        0x2 
 .rodata.AHBPrescTable
                0x08004534       0x40 Src\system_stm32wbxx.o
                0x08004534                AHBPrescTable
 .rodata.APBPrescTable
                0x08004574       0x20 Src\system_stm32wbxx.o
                0x08004574                APBPrescTable
 .rodata.MSIRangeTable
                0x08004594       0x40 Src\system_stm32wbxx.o
                0x08004594                MSIRangeTable
 .rodata._global_impure_ptr
                0x080045d4        0x4 h:/program files (x86)/atollic/truestudio for stm32 9.3.0/armtools/bin/../lib/gcc/arm-atollic-eabi/6.3.1/../../../../arm-atollic-eabi/lib/armv7e-m/fpu\libc_nano.a(lib_a-impure.o)
                0x080045d4                _global_impure_ptr
 .rodata.__sf_fake_stderr
                0x080045d8       0x20 h:/program files (x86)/atollic/truestudio for stm32 9.3.0/armtools/bin/../lib/gcc/arm-atollic-eabi/6.3.1/../../../../arm-atollic-eabi/lib/armv7e-m/fpu\libc_nano.a(lib_a-findfp.o)
                0x080045d8                __sf_fake_stderr
 .rodata.__sf_fake_stdin
                0x080045f8       0x20 h:/program files (x86)/atollic/truestudio for stm32 9.3.0/armtools/bin/../lib/gcc/arm-atollic-eabi/6.3.1/../../../../arm-atollic-eabi/lib/armv7e-m/fpu\libc_nano.a(lib_a-findfp.o)
                0x080045f8                __sf_fake_stdin
 .rodata.__sf_fake_stdout
                0x08004618       0x20 h:/program files (x86)/atollic/truestudio for stm32 9.3.0/armtools/bin/../lib/gcc/arm-atollic-eabi/6.3.1/../../../../arm-atollic-eabi/lib/armv7e-m/fpu\libc_nano.a(lib_a-findfp.o)
                0x08004618                __sf_fake_stdout
 .rodata._vfprintf_r.str1.1
                0x08004638       0x11 h:/program files (x86)/atollic/truestudio for stm32 9.3.0/armtools/bin/../lib/gcc/arm-atollic-eabi/6.3.1/../../../../arm-atollic-eabi/lib/armv7e-m/fpu\libc_nano.a(lib_a-nano-vfprintf.o)
 .rodata._printf_i.str1.1
                0x08004649       0x22 h:/program files (x86)/atollic/truestudio for stm32 9.3.0/armtools/bin/../lib/gcc/arm-atollic-eabi/6.3.1/../../../../arm-atollic-eabi/lib/armv7e-m/fpu\libc_nano.a(lib_a-nano-vfprintf_i.o)
                0x0800466c                . = ALIGN (0x4)
 *fill*         0x0800466b        0x1 

.ARM.extab
 *(.ARM.extab* .gnu.linkonce.armextab.*)

.ARM            0x0800466c        0x8
                0x0800466c                __exidx_start = .
 *(.ARM.exidx*)
 .ARM.exidx     0x0800466c        0x8 h:/program files (x86)/atollic/truestudio for stm32 9.3.0/armtools/bin/../lib/gcc/arm-atollic-eabi/6.3.1/armv7e-m/fpu\libgcc.a(_udivmoddi4.o)
                0x08004674                __exidx_end = .

.rel.dyn        0x08004674        0x0
 .rel.iplt      0x08004674        0x0 h:/program files (x86)/atollic/truestudio for stm32 9.3.0/armtools/bin/../lib/gcc/arm-atollic-eabi/6.3.1/armv7e-m/fpu/crtbegin.o

.preinit_array  0x08004674        0x0
                0x08004674                PROVIDE (__preinit_array_start, .)
 *(.preinit_array*)
                0x08004674                PROVIDE (__preinit_array_end, .)

.init_array     0x08004674        0x4
                0x08004674                PROVIDE (__init_array_start, .)
 *(SORT(.init_array.*))
 *(.init_array*)
 .init_array    0x08004674        0x4 h:/program files (x86)/atollic/truestudio for stm32 9.3.0/armtools/bin/../lib/gcc/arm-atollic-eabi/6.3.1/armv7e-m/fpu/crtbegin.o
                0x08004678                PROVIDE (__init_array_end, .)

.fini_array     0x08004678        0x4
                [!provide]                PROVIDE (__fini_array_start, .)
 *(SORT(.fini_array.*))
 *(.fini_array*)
 .fini_array    0x08004678        0x4 h:/program files (x86)/atollic/truestudio for stm32 9.3.0/armtools/bin/../lib/gcc/arm-atollic-eabi/6.3.1/armv7e-m/fpu/crtbegin.o
                [!provide]                PROVIDE (__fini_array_end, .)
                0x0800467c                _sidata = LOADADDR (.data)

.data           0x20000004       0x70 load address 0x0800467c
                0x20000004                . = ALIGN (0x4)
                0x20000004                _sdata = .
 *(.data)
 *(.data*)
 .data.uwTickFreq
                0x20000004        0x4 Drivers\STM32WBxx_HAL_Driver\Src\stm32wbxx_hal.o
                0x20000004                uwTickFreq
 .data.uwTickPrio
                0x20000008        0x4 Drivers\STM32WBxx_HAL_Driver\Src\stm32wbxx_hal.o
                0x20000008                uwTickPrio
 .data.SystemCoreClock
                0x2000000c        0x4 Src\system_stm32wbxx.o
                0x2000000c                SystemCoreClock
 .data._impure_ptr
                0x20000010        0x4 h:/program files (x86)/atollic/truestudio for stm32 9.3.0/armtools/bin/../lib/gcc/arm-atollic-eabi/6.3.1/../../../../arm-atollic-eabi/lib/armv7e-m/fpu\libc_nano.a(lib_a-impure.o)
                0x20000010                _impure_ptr
 .data.impure_data
                0x20000014       0x60 h:/program files (x86)/atollic/truestudio for stm32 9.3.0/armtools/bin/../lib/gcc/arm-atollic-eabi/6.3.1/../../../../arm-atollic-eabi/lib/armv7e-m/fpu\libc_nano.a(lib_a-impure.o)
                0x20000074                . = ALIGN (0x4)
                0x20000074                _edata = .

.igot.plt       0x20000074        0x0 load address 0x080046ec
 .igot.plt      0x20000074        0x0 h:/program files (x86)/atollic/truestudio for stm32 9.3.0/armtools/bin/../lib/gcc/arm-atollic-eabi/6.3.1/armv7e-m/fpu/crtbegin.o
                0x20000074                . = ALIGN (0x4)

.bss            0x20000074      0x3a0 load address 0x080046ec
                0x20000074                _sbss = .
                0x20000074                __bss_start__ = _sbss
 *(.bss)
 .bss           0x20000074       0x1c h:/program files (x86)/atollic/truestudio for stm32 9.3.0/armtools/bin/../lib/gcc/arm-atollic-eabi/6.3.1/armv7e-m/fpu/crtbegin.o
 *(.bss*)
 .bss.readModeFlag
                0x20000090        0x1 Src\main.o
                0x20000090                readModeFlag
 *fill*         0x20000091        0x3 
 .bss.heap_end.7010
                0x20000094        0x4 Src\syscalls.o
 .bss.__malloc_free_list
                0x20000098        0x4 h:/program files (x86)/atollic/truestudio for stm32 9.3.0/armtools/bin/../lib/gcc/arm-atollic-eabi/6.3.1/../../../../arm-atollic-eabi/lib/armv7e-m/fpu\libc_nano.a(lib_a-nano-mallocr.o)
                0x20000098                __malloc_free_list
 .bss.__malloc_sbrk_start
                0x2000009c        0x4 h:/program files (x86)/atollic/truestudio for stm32 9.3.0/armtools/bin/../lib/gcc/arm-atollic-eabi/6.3.1/../../../../arm-atollic-eabi/lib/armv7e-m/fpu\libc_nano.a(lib_a-nano-mallocr.o)
                0x2000009c                __malloc_sbrk_start
 *(COMMON)
 COMMON         0x200000a0        0x4 Drivers\STM32WBxx_HAL_Driver\Src\stm32wbxx_hal.o
                0x200000a0                uwTick
 COMMON         0x200000a4       0x4c Src\adxl375.o
                0x200000a4                hi2c1
 COMMON         0x200000f0      0x31e Src\main.o
                0x200000f0                x
                0x200000f4                zg
                0x200000f8                intModeFlag
                0x200000fa                z
                0x200000fc                huart1
                0x20000188                y
                0x2000018c                yg
                0x20000190                hpcd_USB_FS
                0x20000404                xg
                0x20000408                measurement
 *fill*         0x2000040e        0x2 
 COMMON         0x20000410        0x4 h:/program files (x86)/atollic/truestudio for stm32 9.3.0/armtools/bin/../lib/gcc/arm-atollic-eabi/6.3.1/../../../../arm-atollic-eabi/lib/armv7e-m/fpu\libc_nano.a(lib_a-reent.o)
                0x20000410                errno
                0x20000414                . = ALIGN (0x4)
                0x20000414                _ebss = .
                0x20000414                __bss_end__ = _ebss

._user_heap_stack
                0x20000414      0x604 load address 0x080046ec
                0x20000418                . = ALIGN (0x8)
 *fill*         0x20000414        0x4 
                0x20000418                PROVIDE (end, .)
                [!provide]                PROVIDE (_end, .)
                0x20000618                . = (. + _Min_Heap_Size)
 *fill*         0x20000418      0x200 
                0x20000a18                . = (. + _Min_Stack_Size)
 *fill*         0x20000618      0x400 
                0x20000a18                . = ALIGN (0x8)

/DISCARD/
 libc.a(*)
 libm.a(*)
 libgcc.a(*)

.ARM.attributes
                0x00000000       0x30
 *(.ARM.attributes)
 .ARM.attributes
                0x00000000       0x22 h:/program files (x86)/atollic/truestudio for stm32 9.3.0/armtools/bin/../lib/gcc/arm-atollic-eabi/6.3.1/armv7e-m/fpu/crti.o
 .ARM.attributes
                0x00000022       0x34 h:/program files (x86)/atollic/truestudio for stm32 9.3.0/armtools/bin/../lib/gcc/arm-atollic-eabi/6.3.1/armv7e-m/fpu/crtbegin.o
 .ARM.attributes
                0x00000056       0x39 Drivers\STM32WBxx_HAL_Driver\Src\stm32wbxx_hal.o
 .ARM.attributes
                0x0000008f       0x39 Drivers\STM32WBxx_HAL_Driver\Src\stm32wbxx_hal_cortex.o
 .ARM.attributes
                0x000000c8       0x39 Drivers\STM32WBxx_HAL_Driver\Src\stm32wbxx_hal_gpio.o
 .ARM.attributes
                0x00000101       0x39 Drivers\STM32WBxx_HAL_Driver\Src\stm32wbxx_hal_i2c.o
 .ARM.attributes
                0x0000013a       0x39 Drivers\STM32WBxx_HAL_Driver\Src\stm32wbxx_hal_i2c_ex.o
 .ARM.attributes
                0x00000173       0x39 Drivers\STM32WBxx_HAL_Driver\Src\stm32wbxx_hal_pcd.o
 .ARM.attributes
                0x000001ac       0x39 Drivers\STM32WBxx_HAL_Driver\Src\stm32wbxx_hal_pcd_ex.o
 .ARM.attributes
                0x000001e5       0x39 Drivers\STM32WBxx_HAL_Driver\Src\stm32wbxx_hal_pwr.o
 .ARM.attributes
                0x0000021e       0x39 Drivers\STM32WBxx_HAL_Driver\Src\stm32wbxx_hal_pwr_ex.o
 .ARM.attributes
                0x00000257       0x39 Drivers\STM32WBxx_HAL_Driver\Src\stm32wbxx_hal_rcc.o
 .ARM.attributes
                0x00000290       0x39 Drivers\STM32WBxx_HAL_Driver\Src\stm32wbxx_hal_rcc_ex.o
 .ARM.attributes
                0x000002c9       0x39 Drivers\STM32WBxx_HAL_Driver\Src\stm32wbxx_hal_uart.o
 .ARM.attributes
                0x00000302       0x39 Drivers\STM32WBxx_HAL_Driver\Src\stm32wbxx_hal_uart_ex.o
 .ARM.attributes
                0x0000033b       0x39 Drivers\STM32WBxx_HAL_Driver\Src\stm32wbxx_ll_usb.o
 .ARM.attributes
                0x00000374       0x39 Src\adxl375.o
 .ARM.attributes
                0x000003ad       0x39 Src\main.o
 .ARM.attributes
                0x000003e6       0x39 Src\stm32wbxx_hal_msp.o
 .ARM.attributes
                0x0000041f       0x39 Src\stm32wbxx_it.o
 .ARM.attributes
                0x00000458       0x39 Src\syscalls.o
 .ARM.attributes
                0x00000491       0x39 Src\system_stm32wbxx.o
 .ARM.attributes
                0x000004ca       0x21 startup\startup_stm32wb55xx_cm4.o
 .ARM.attributes
                0x000004eb       0x34 h:/program files (x86)/atollic/truestudio for stm32 9.3.0/armtools/bin/../lib/gcc/arm-atollic-eabi/6.3.1/../../../../arm-atollic-eabi/lib/armv7e-m/fpu\libc_nano.a(lib_a-errno.o)
 .ARM.attributes
                0x0000051f       0x34 h:/program files (x86)/atollic/truestudio for stm32 9.3.0/armtools/bin/../lib/gcc/arm-atollic-eabi/6.3.1/../../../../arm-atollic-eabi/lib/armv7e-m/fpu\libc_nano.a(lib_a-impure.o)
 .ARM.attributes
                0x00000553       0x34 h:/program files (x86)/atollic/truestudio for stm32 9.3.0/armtools/bin/../lib/gcc/arm-atollic-eabi/6.3.1/../../../../arm-atollic-eabi/lib/armv7e-m/fpu\libc_nano.a(lib_a-init.o)
 .ARM.attributes
                0x00000587       0x34 h:/program files (x86)/atollic/truestudio for stm32 9.3.0/armtools/bin/../lib/gcc/arm-atollic-eabi/6.3.1/../../../../arm-atollic-eabi/lib/armv7e-m/fpu\libc_nano.a(lib_a-memset.o)
 .ARM.attributes
                0x000005bb       0x34 h:/program files (x86)/atollic/truestudio for stm32 9.3.0/armtools/bin/../lib/gcc/arm-atollic-eabi/6.3.1/../../../../arm-atollic-eabi/lib/armv7e-m/fpu\libc_nano.a(lib_a-printf.o)
 .ARM.attributes
                0x000005ef       0x34 h:/program files (x86)/atollic/truestudio for stm32 9.3.0/armtools/bin/../lib/gcc/arm-atollic-eabi/6.3.1/../../../../arm-atollic-eabi/lib/armv7e-m/fpu\libc_nano.a(lib_a-puts.o)
 .ARM.attributes
                0x00000623       0x34 h:/program files (x86)/atollic/truestudio for stm32 9.3.0/armtools/bin/../lib/gcc/arm-atollic-eabi/6.3.1/../../../../arm-atollic-eabi/lib/armv7e-m/fpu\libc_nano.a(lib_a-wbuf.o)
 .ARM.attributes
                0x00000657       0x34 h:/program files (x86)/atollic/truestudio for stm32 9.3.0/armtools/bin/../lib/gcc/arm-atollic-eabi/6.3.1/../../../../arm-atollic-eabi/lib/armv7e-m/fpu\libc_nano.a(lib_a-wsetup.o)
 .ARM.attributes
                0x0000068b       0x34 h:/program files (x86)/atollic/truestudio for stm32 9.3.0/armtools/bin/../lib/gcc/arm-atollic-eabi/6.3.1/../../../../arm-atollic-eabi/lib/armv7e-m/fpu\libc_nano.a(lib_a-fflush.o)
 .ARM.attributes
                0x000006bf       0x34 h:/program files (x86)/atollic/truestudio for stm32 9.3.0/armtools/bin/../lib/gcc/arm-atollic-eabi/6.3.1/../../../../arm-atollic-eabi/lib/armv7e-m/fpu\libc_nano.a(lib_a-findfp.o)
 .ARM.attributes
                0x000006f3       0x34 h:/program files (x86)/atollic/truestudio for stm32 9.3.0/armtools/bin/../lib/gcc/arm-atollic-eabi/6.3.1/../../../../arm-atollic-eabi/lib/armv7e-m/fpu\libc_nano.a(lib_a-fwalk.o)
 .ARM.attributes
                0x00000727       0x34 h:/program files (x86)/atollic/truestudio for stm32 9.3.0/armtools/bin/../lib/gcc/arm-atollic-eabi/6.3.1/../../../../arm-atollic-eabi/lib/armv7e-m/fpu\libc_nano.a(lib_a-makebuf.o)
 .ARM.attributes
                0x0000075b       0x34 h:/program files (x86)/atollic/truestudio for stm32 9.3.0/armtools/bin/../lib/gcc/arm-atollic-eabi/6.3.1/../../../../arm-atollic-eabi/lib/armv7e-m/fpu\libc_nano.a(lib_a-nano-freer.o)
 .ARM.attributes
                0x0000078f       0x34 h:/program files (x86)/atollic/truestudio for stm32 9.3.0/armtools/bin/../lib/gcc/arm-atollic-eabi/6.3.1/../../../../arm-atollic-eabi/lib/armv7e-m/fpu\libc_nano.a(lib_a-nano-mallocr.o)
 .ARM.attributes
                0x000007c3       0x34 h:/program files (x86)/atollic/truestudio for stm32 9.3.0/armtools/bin/../lib/gcc/arm-atollic-eabi/6.3.1/../../../../arm-atollic-eabi/lib/armv7e-m/fpu\libc_nano.a(lib_a-nano-vfprintf.o)
 .ARM.attributes
                0x000007f7       0x34 h:/program files (x86)/atollic/truestudio for stm32 9.3.0/armtools/bin/../lib/gcc/arm-atollic-eabi/6.3.1/../../../../arm-atollic-eabi/lib/armv7e-m/fpu\libc_nano.a(lib_a-nano-vfprintf_i.o)
 .ARM.attributes
                0x0000082b       0x34 h:/program files (x86)/atollic/truestudio for stm32 9.3.0/armtools/bin/../lib/gcc/arm-atollic-eabi/6.3.1/../../../../arm-atollic-eabi/lib/armv7e-m/fpu\libc_nano.a(lib_a-sbrkr.o)
 .ARM.attributes
                0x0000085f       0x34 h:/program files (x86)/atollic/truestudio for stm32 9.3.0/armtools/bin/../lib/gcc/arm-atollic-eabi/6.3.1/../../../../arm-atollic-eabi/lib/armv7e-m/fpu\libc_nano.a(lib_a-stdio.o)
 .ARM.attributes
                0x00000893       0x34 h:/program files (x86)/atollic/truestudio for stm32 9.3.0/armtools/bin/../lib/gcc/arm-atollic-eabi/6.3.1/../../../../arm-atollic-eabi/lib/armv7e-m/fpu\libc_nano.a(lib_a-writer.o)
 .ARM.attributes
                0x000008c7       0x34 h:/program files (x86)/atollic/truestudio for stm32 9.3.0/armtools/bin/../lib/gcc/arm-atollic-eabi/6.3.1/../../../../arm-atollic-eabi/lib/armv7e-m/fpu\libc_nano.a(lib_a-closer.o)
 .ARM.attributes
                0x000008fb       0x34 h:/program files (x86)/atollic/truestudio for stm32 9.3.0/armtools/bin/../lib/gcc/arm-atollic-eabi/6.3.1/../../../../arm-atollic-eabi/lib/armv7e-m/fpu\libc_nano.a(lib_a-fstatr.o)
 .ARM.attributes
                0x0000092f       0x34 h:/program files (x86)/atollic/truestudio for stm32 9.3.0/armtools/bin/../lib/gcc/arm-atollic-eabi/6.3.1/../../../../arm-atollic-eabi/lib/armv7e-m/fpu\libc_nano.a(lib_a-isattyr.o)
 .ARM.attributes
                0x00000963       0x34 h:/program files (x86)/atollic/truestudio for stm32 9.3.0/armtools/bin/../lib/gcc/arm-atollic-eabi/6.3.1/../../../../arm-atollic-eabi/lib/armv7e-m/fpu\libc_nano.a(lib_a-lseekr.o)
 .ARM.attributes
                0x00000997       0x20 h:/program files (x86)/atollic/truestudio for stm32 9.3.0/armtools/bin/../lib/gcc/arm-atollic-eabi/6.3.1/../../../../arm-atollic-eabi/lib/armv7e-m/fpu\libc_nano.a(lib_a-memchr.o)
 .ARM.attributes
                0x000009b7       0x34 h:/program files (x86)/atollic/truestudio for stm32 9.3.0/armtools/bin/../lib/gcc/arm-atollic-eabi/6.3.1/../../../../arm-atollic-eabi/lib/armv7e-m/fpu\libc_nano.a(lib_a-mlock.o)
 .ARM.attributes
                0x000009eb       0x34 h:/program files (x86)/atollic/truestudio for stm32 9.3.0/armtools/bin/../lib/gcc/arm-atollic-eabi/6.3.1/../../../../arm-atollic-eabi/lib/armv7e-m/fpu\libc_nano.a(lib_a-readr.o)
 .ARM.attributes
                0x00000a1f       0x34 h:/program files (x86)/atollic/truestudio for stm32 9.3.0/armtools/bin/../lib/gcc/arm-atollic-eabi/6.3.1/../../../../arm-atollic-eabi/lib/armv7e-m/fpu\libc_nano.a(lib_a-reent.o)
 .ARM.attributes
                0x00000a53       0x22 h:/program files (x86)/atollic/truestudio for stm32 9.3.0/armtools/bin/../lib/gcc/arm-atollic-eabi/6.3.1/armv7e-m/fpu\libgcc.a(_arm_addsubdf3.o)
 .ARM.attributes
                0x00000a75       0x22 h:/program files (x86)/atollic/truestudio for stm32 9.3.0/armtools/bin/../lib/gcc/arm-atollic-eabi/6.3.1/armv7e-m/fpu\libgcc.a(_aeabi_uldivmod.o)
 .ARM.attributes
                0x00000a97       0x34 h:/program files (x86)/atollic/truestudio for stm32 9.3.0/armtools/bin/../lib/gcc/arm-atollic-eabi/6.3.1/armv7e-m/fpu\libgcc.a(_udivmoddi4.o)
 .ARM.attributes
                0x00000acb       0x22 h:/program files (x86)/atollic/truestudio for stm32 9.3.0/armtools/bin/../lib/gcc/arm-atollic-eabi/6.3.1/armv7e-m/fpu\libgcc.a(_dvmd_tls.o)
 .ARM.attributes
                0x00000aed       0x22 h:/program files (x86)/atollic/truestudio for stm32 9.3.0/armtools/bin/../lib/gcc/arm-atollic-eabi/6.3.1/armv7e-m/fpu/crtn.o

MAPPING_TABLE
 *(MAPPING_TABLE)

MB_MEM1
 *(MB_MEM1)

MB_MEM2
 *(MB_MEM2)
OUTPUT(Simon-Debug.elf elf32-littlearm)

.debug_info     0x00000000    0x1b8f1
 .debug_info    0x00000000     0x1605 Drivers\STM32WBxx_HAL_Driver\Src\stm32wbxx_hal.o
 .debug_info    0x00001605      0xf2b Drivers\STM32WBxx_HAL_Driver\Src\stm32wbxx_hal_cortex.o
 .debug_info    0x00002530      0x7e5 Drivers\STM32WBxx_HAL_Driver\Src\stm32wbxx_hal_gpio.o
 .debug_info    0x00002d15     0x39a7 Drivers\STM32WBxx_HAL_Driver\Src\stm32wbxx_hal_i2c.o
 .debug_info    0x000066bc      0xa19 Drivers\STM32WBxx_HAL_Driver\Src\stm32wbxx_hal_i2c_ex.o
 .debug_info    0x000070d5     0x1337 Drivers\STM32WBxx_HAL_Driver\Src\stm32wbxx_hal_pcd.o
 .debug_info    0x0000840c      0x9f2 Drivers\STM32WBxx_HAL_Driver\Src\stm32wbxx_hal_pcd_ex.o
 .debug_info    0x00008dfe      0xb24 Drivers\STM32WBxx_HAL_Driver\Src\stm32wbxx_hal_pwr.o
 .debug_info    0x00009922     0x1431 Drivers\STM32WBxx_HAL_Driver\Src\stm32wbxx_hal_pwr_ex.o
 .debug_info    0x0000ad53     0x1e8c Drivers\STM32WBxx_HAL_Driver\Src\stm32wbxx_hal_rcc.o
 .debug_info    0x0000cbdf     0x26b7 Drivers\STM32WBxx_HAL_Driver\Src\stm32wbxx_hal_rcc_ex.o
 .debug_info    0x0000f296     0x2292 Drivers\STM32WBxx_HAL_Driver\Src\stm32wbxx_hal_uart.o
 .debug_info    0x00011528      0xd4e Drivers\STM32WBxx_HAL_Driver\Src\stm32wbxx_hal_uart_ex.o
 .debug_info    0x00012276     0x160d Drivers\STM32WBxx_HAL_Driver\Src\stm32wbxx_ll_usb.o
 .debug_info    0x00013883     0x143e Src\adxl375.o
 .debug_info    0x00014cc1     0x2916 Src\main.o
 .debug_info    0x000175d7     0x17b3 Src\stm32wbxx_hal_msp.o
 .debug_info    0x00018d8a     0x1349 Src\stm32wbxx_it.o
 .debug_info    0x0001a0d3      0xfe1 Src\syscalls.o
 .debug_info    0x0001b0b4      0x7ba Src\system_stm32wbxx.o
 .debug_info    0x0001b86e       0x83 startup\startup_stm32wb55xx_cm4.o

.debug_abbrev   0x00000000     0x3856
 .debug_abbrev  0x00000000      0x355 Drivers\STM32WBxx_HAL_Driver\Src\stm32wbxx_hal.o
 .debug_abbrev  0x00000355      0x306 Drivers\STM32WBxx_HAL_Driver\Src\stm32wbxx_hal_cortex.o
 .debug_abbrev  0x0000065b      0x1ec Drivers\STM32WBxx_HAL_Driver\Src\stm32wbxx_hal_gpio.o
 .debug_abbrev  0x00000847      0x351 Drivers\STM32WBxx_HAL_Driver\Src\stm32wbxx_hal_i2c.o
 .debug_abbrev  0x00000b98      0x1b8 Drivers\STM32WBxx_HAL_Driver\Src\stm32wbxx_hal_i2c_ex.o
 .debug_abbrev  0x00000d50      0x32f Drivers\STM32WBxx_HAL_Driver\Src\stm32wbxx_hal_pcd.o
 .debug_abbrev  0x0000107f      0x256 Drivers\STM32WBxx_HAL_Driver\Src\stm32wbxx_hal_pcd_ex.o
 .debug_abbrev  0x000012d5      0x204 Drivers\STM32WBxx_HAL_Driver\Src\stm32wbxx_hal_pwr.o
 .debug_abbrev  0x000014d9      0x305 Drivers\STM32WBxx_HAL_Driver\Src\stm32wbxx_hal_pwr_ex.o
 .debug_abbrev  0x000017de      0x35a Drivers\STM32WBxx_HAL_Driver\Src\stm32wbxx_hal_rcc.o
 .debug_abbrev  0x00001b38      0x40e Drivers\STM32WBxx_HAL_Driver\Src\stm32wbxx_hal_rcc_ex.o
 .debug_abbrev  0x00001f46      0x35c Drivers\STM32WBxx_HAL_Driver\Src\stm32wbxx_hal_uart.o
 .debug_abbrev  0x000022a2      0x29b Drivers\STM32WBxx_HAL_Driver\Src\stm32wbxx_hal_uart_ex.o
 .debug_abbrev  0x0000253d      0x351 Drivers\STM32WBxx_HAL_Driver\Src\stm32wbxx_ll_usb.o
 .debug_abbrev  0x0000288e      0x26f Src\adxl375.o
 .debug_abbrev  0x00002afd      0x3be Src\main.o
 .debug_abbrev  0x00002ebb      0x2bc Src\stm32wbxx_hal_msp.o
 .debug_abbrev  0x00003177      0x287 Src\stm32wbxx_it.o
 .debug_abbrev  0x000033fe      0x2d9 Src\syscalls.o
 .debug_abbrev  0x000036d7      0x16d Src\system_stm32wbxx.o
 .debug_abbrev  0x00003844       0x12 startup\startup_stm32wb55xx_cm4.o

.debug_loc      0x00000000     0xb00b
 .debug_loc     0x00000000      0x3e3 Drivers\STM32WBxx_HAL_Driver\Src\stm32wbxx_hal.o
 .debug_loc     0x000003e3      0x4a5 Drivers\STM32WBxx_HAL_Driver\Src\stm32wbxx_hal_cortex.o
 .debug_loc     0x00000888      0x25e Drivers\STM32WBxx_HAL_Driver\Src\stm32wbxx_hal_gpio.o
 .debug_loc     0x00000ae6     0x3a9a Drivers\STM32WBxx_HAL_Driver\Src\stm32wbxx_hal_i2c.o
 .debug_loc     0x00004580      0x1a0 Drivers\STM32WBxx_HAL_Driver\Src\stm32wbxx_hal_i2c_ex.o
 .debug_loc     0x00004720      0x975 Drivers\STM32WBxx_HAL_Driver\Src\stm32wbxx_hal_pcd.o
 .debug_loc     0x00005095      0x181 Drivers\STM32WBxx_HAL_Driver\Src\stm32wbxx_hal_pcd_ex.o
 .debug_loc     0x00005216      0x18a Drivers\STM32WBxx_HAL_Driver\Src\stm32wbxx_hal_pwr.o
 .debug_loc     0x000053a0      0x884 Drivers\STM32WBxx_HAL_Driver\Src\stm32wbxx_hal_pwr_ex.o
 .debug_loc     0x00005c24      0x785 Drivers\STM32WBxx_HAL_Driver\Src\stm32wbxx_hal_rcc.o
 .debug_loc     0x000063a9      0xe90 Drivers\STM32WBxx_HAL_Driver\Src\stm32wbxx_hal_rcc_ex.o
 .debug_loc     0x00007239     0x21c0 Drivers\STM32WBxx_HAL_Driver\Src\stm32wbxx_hal_uart.o
 .debug_loc     0x000093f9      0x448 Drivers\STM32WBxx_HAL_Driver\Src\stm32wbxx_hal_uart_ex.o
 .debug_loc     0x00009841     0x1013 Drivers\STM32WBxx_HAL_Driver\Src\stm32wbxx_ll_usb.o
 .debug_loc     0x0000a854      0x133 Src\adxl375.o
 .debug_loc     0x0000a987       0x35 Src\main.o
 .debug_loc     0x0000a9bc      0x1ad Src\stm32wbxx_hal_msp.o
 .debug_loc     0x0000ab69      0x3ef Src\syscalls.o
 .debug_loc     0x0000af58       0xb3 Src\system_stm32wbxx.o

.debug_aranges  0x00000000      0xfa8
 .debug_aranges
                0x00000000      0x150 Drivers\STM32WBxx_HAL_Driver\Src\stm32wbxx_hal.o
 .debug_aranges
                0x00000150       0xa0 Drivers\STM32WBxx_HAL_Driver\Src\stm32wbxx_hal_cortex.o
 .debug_aranges
                0x000001f0       0x58 Drivers\STM32WBxx_HAL_Driver\Src\stm32wbxx_hal_gpio.o
 .debug_aranges
                0x00000248      0x238 Drivers\STM32WBxx_HAL_Driver\Src\stm32wbxx_hal_i2c.o
 .debug_aranges
                0x00000480       0x48 Drivers\STM32WBxx_HAL_Driver\Src\stm32wbxx_hal_i2c_ex.o
 .debug_aranges
                0x000004c8       0xc0 Drivers\STM32WBxx_HAL_Driver\Src\stm32wbxx_hal_pcd.o
 .debug_aranges
                0x00000588       0x50 Drivers\STM32WBxx_HAL_Driver\Src\stm32wbxx_hal_pcd_ex.o
 .debug_aranges
                0x000005d8       0x98 Drivers\STM32WBxx_HAL_Driver\Src\stm32wbxx_hal_pwr.o
 .debug_aranges
                0x00000670      0x1b0 Drivers\STM32WBxx_HAL_Driver\Src\stm32wbxx_hal_pwr_ex.o
 .debug_aranges
                0x00000820       0xe0 Drivers\STM32WBxx_HAL_Driver\Src\stm32wbxx_hal_rcc.o
 .debug_aranges
                0x00000900      0x148 Drivers\STM32WBxx_HAL_Driver\Src\stm32wbxx_hal_rcc_ex.o
 .debug_aranges
                0x00000a48      0x1c0 Drivers\STM32WBxx_HAL_Driver\Src\stm32wbxx_hal_uart.o
 .debug_aranges
                0x00000c08       0x70 Drivers\STM32WBxx_HAL_Driver\Src\stm32wbxx_hal_uart_ex.o
 .debug_aranges
                0x00000c78       0xf0 Drivers\STM32WBxx_HAL_Driver\Src\stm32wbxx_ll_usb.o
 .debug_aranges
                0x00000d68       0x40 Src\adxl375.o
 .debug_aranges
                0x00000da8       0x48 Src\main.o
 .debug_aranges
                0x00000df0       0x58 Src\stm32wbxx_hal_msp.o
 .debug_aranges
                0x00000e48       0x60 Src\stm32wbxx_it.o
 .debug_aranges
                0x00000ea8       0xb0 Src\syscalls.o
 .debug_aranges
                0x00000f58       0x28 Src\system_stm32wbxx.o
 .debug_aranges
                0x00000f80       0x28 startup\startup_stm32wb55xx_cm4.o

.debug_ranges   0x00000000     0x18d0
 .debug_ranges  0x00000000      0x158 Drivers\STM32WBxx_HAL_Driver\Src\stm32wbxx_hal.o
 .debug_ranges  0x00000158      0x130 Drivers\STM32WBxx_HAL_Driver\Src\stm32wbxx_hal_cortex.o
 .debug_ranges  0x00000288       0x48 Drivers\STM32WBxx_HAL_Driver\Src\stm32wbxx_hal_gpio.o
 .debug_ranges  0x000002d0      0x270 Drivers\STM32WBxx_HAL_Driver\Src\stm32wbxx_hal_i2c.o
 .debug_ranges  0x00000540       0x38 Drivers\STM32WBxx_HAL_Driver\Src\stm32wbxx_hal_i2c_ex.o
 .debug_ranges  0x00000578      0x138 Drivers\STM32WBxx_HAL_Driver\Src\stm32wbxx_hal_pcd.o
 .debug_ranges  0x000006b0       0x40 Drivers\STM32WBxx_HAL_Driver\Src\stm32wbxx_hal_pcd_ex.o
 .debug_ranges  0x000006f0       0x88 Drivers\STM32WBxx_HAL_Driver\Src\stm32wbxx_hal_pwr.o
 .debug_ranges  0x00000778      0x1a0 Drivers\STM32WBxx_HAL_Driver\Src\stm32wbxx_hal_pwr_ex.o
 .debug_ranges  0x00000918      0x388 Drivers\STM32WBxx_HAL_Driver\Src\stm32wbxx_hal_rcc.o
 .debug_ranges  0x00000ca0      0x438 Drivers\STM32WBxx_HAL_Driver\Src\stm32wbxx_hal_rcc_ex.o
 .debug_ranges  0x000010d8      0x1b0 Drivers\STM32WBxx_HAL_Driver\Src\stm32wbxx_hal_uart.o
 .debug_ranges  0x00001288       0x60 Drivers\STM32WBxx_HAL_Driver\Src\stm32wbxx_hal_uart_ex.o
 .debug_ranges  0x000012e8      0x358 Drivers\STM32WBxx_HAL_Driver\Src\stm32wbxx_ll_usb.o
 .debug_ranges  0x00001640       0x30 Src\adxl375.o
 .debug_ranges  0x00001670       0x80 Src\main.o
 .debug_ranges  0x000016f0       0xb8 Src\stm32wbxx_hal_msp.o
 .debug_ranges  0x000017a8       0x50 Src\stm32wbxx_it.o
 .debug_ranges  0x000017f8       0xa0 Src\syscalls.o
 .debug_ranges  0x00001898       0x18 Src\system_stm32wbxx.o
 .debug_ranges  0x000018b0       0x20 startup\startup_stm32wb55xx_cm4.o

.debug_line     0x00000000     0x8c32
 .debug_line    0x00000000      0x621 Drivers\STM32WBxx_HAL_Driver\Src\stm32wbxx_hal.o
 .debug_line    0x00000621      0x45a Drivers\STM32WBxx_HAL_Driver\Src\stm32wbxx_hal_cortex.o
 .debug_line    0x00000a7b      0x3e4 Drivers\STM32WBxx_HAL_Driver\Src\stm32wbxx_hal_gpio.o
 .debug_line    0x00000e5f     0x195b Drivers\STM32WBxx_HAL_Driver\Src\stm32wbxx_hal_i2c.o
 .debug_line    0x000027ba      0x378 Drivers\STM32WBxx_HAL_Driver\Src\stm32wbxx_hal_i2c_ex.o
 .debug_line    0x00002b32      0x636 Drivers\STM32WBxx_HAL_Driver\Src\stm32wbxx_hal_pcd.o
 .debug_line    0x00003168      0x316 Drivers\STM32WBxx_HAL_Driver\Src\stm32wbxx_hal_pcd_ex.o
 .debug_line    0x0000347e      0x416 Drivers\STM32WBxx_HAL_Driver\Src\stm32wbxx_hal_pwr.o
 .debug_line    0x00003894      0x7d6 Drivers\STM32WBxx_HAL_Driver\Src\stm32wbxx_hal_pwr_ex.o
 .debug_line    0x0000406a      0xae0 Drivers\STM32WBxx_HAL_Driver\Src\stm32wbxx_hal_rcc.o
 .debug_line    0x00004b4a      0xcc0 Drivers\STM32WBxx_HAL_Driver\Src\stm32wbxx_hal_rcc_ex.o
 .debug_line    0x0000580a     0x11ee Drivers\STM32WBxx_HAL_Driver\Src\stm32wbxx_hal_uart.o
 .debug_line    0x000069f8      0x4ad Drivers\STM32WBxx_HAL_Driver\Src\stm32wbxx_hal_uart_ex.o
 .debug_line    0x00006ea5      0x5f9 Drivers\STM32WBxx_HAL_Driver\Src\stm32wbxx_ll_usb.o
 .debug_line    0x0000749e      0x3b8 Src\adxl375.o
 .debug_line    0x00007856      0x59c Src\main.o
 .debug_line    0x00007df2      0x3f4 Src\stm32wbxx_hal_msp.o
 .debug_line    0x000081e6      0x3aa Src\stm32wbxx_it.o
 .debug_line    0x00008590      0x3bb Src\syscalls.o
 .debug_line    0x0000894b      0x261 Src\system_stm32wbxx.o
 .debug_line    0x00008bac       0x86 startup\startup_stm32wb55xx_cm4.o

.debug_str      0x00000000     0x6864
 .debug_str     0x00000000     0x1199 Drivers\STM32WBxx_HAL_Driver\Src\stm32wbxx_hal.o
                               0x12ce (size before relaxing)
 .debug_str     0x00001199      0x3ba Drivers\STM32WBxx_HAL_Driver\Src\stm32wbxx_hal_cortex.o
                                0xc31 (size before relaxing)
 .debug_str     0x00001553      0x1c2 Drivers\STM32WBxx_HAL_Driver\Src\stm32wbxx_hal_gpio.o
                                0x585 (size before relaxing)
 .debug_str     0x00001715      0xd69 Drivers\STM32WBxx_HAL_Driver\Src\stm32wbxx_hal_i2c.o
                               0x1140 (size before relaxing)
 .debug_str     0x0000247e       0xfa Drivers\STM32WBxx_HAL_Driver\Src\stm32wbxx_hal_i2c_ex.o
                                0x9d8 (size before relaxing)
 .debug_str     0x00002578      0x794 Drivers\STM32WBxx_HAL_Driver\Src\stm32wbxx_hal_pcd.o
                                0xb41 (size before relaxing)
 .debug_str     0x00002d0c      0x199 Drivers\STM32WBxx_HAL_Driver\Src\stm32wbxx_hal_pcd_ex.o
                                0x86a (size before relaxing)
 .debug_str     0x00002ea5      0x3b9 Drivers\STM32WBxx_HAL_Driver\Src\stm32wbxx_hal_pwr.o
                                0x7cc (size before relaxing)
 .debug_str     0x0000325e      0x884 Drivers\STM32WBxx_HAL_Driver\Src\stm32wbxx_hal_pwr_ex.o
                                0xe75 (size before relaxing)
 .debug_str     0x00003ae2      0x9ca Drivers\STM32WBxx_HAL_Driver\Src\stm32wbxx_hal_rcc.o
                               0x1103 (size before relaxing)
 .debug_str     0x000044ac      0xc6c Drivers\STM32WBxx_HAL_Driver\Src\stm32wbxx_hal_rcc_ex.o
                               0x1663 (size before relaxing)
 .debug_str     0x00005118      0x9ad Drivers\STM32WBxx_HAL_Driver\Src\stm32wbxx_hal_uart.o
                               0x12d6 (size before relaxing)
 .debug_str     0x00005ac5      0x22e Drivers\STM32WBxx_HAL_Driver\Src\stm32wbxx_hal_uart_ex.o
                                0xb0b (size before relaxing)
 .debug_str     0x00005cf3      0x1dc Drivers\STM32WBxx_HAL_Driver\Src\stm32wbxx_ll_usb.o
                                0x871 (size before relaxing)
 .debug_str     0x00005ecf      0x454 Src\adxl375.o
                                0xd49 (size before relaxing)
 .debug_str     0x00006323      0x146 Src\main.o
                               0x1e60 (size before relaxing)
 .debug_str     0x00006469       0x81 Src\stm32wbxx_hal_msp.o
                               0x110a (size before relaxing)
 .debug_str     0x000064ea       0xe5 Src\stm32wbxx_it.o
                                0xe55 (size before relaxing)
 .debug_str     0x000065cf      0x256 Src\syscalls.o
                                0x881 (size before relaxing)
 .debug_str     0x00006825       0x3f Src\system_stm32wbxx.o
                                0x59a (size before relaxing)

.comment        0x00000000       0x7c
 .comment       0x00000000       0x7c Drivers\STM32WBxx_HAL_Driver\Src\stm32wbxx_hal.o
                                 0x7d (size before relaxing)
 .comment       0x0000007c       0x7d Drivers\STM32WBxx_HAL_Driver\Src\stm32wbxx_hal_cortex.o
 .comment       0x0000007c       0x7d Drivers\STM32WBxx_HAL_Driver\Src\stm32wbxx_hal_gpio.o
 .comment       0x0000007c       0x7d Drivers\STM32WBxx_HAL_Driver\Src\stm32wbxx_hal_i2c.o
 .comment       0x0000007c       0x7d Drivers\STM32WBxx_HAL_Driver\Src\stm32wbxx_hal_i2c_ex.o
 .comment       0x0000007c       0x7d Drivers\STM32WBxx_HAL_Driver\Src\stm32wbxx_hal_pcd.o
 .comment       0x0000007c       0x7d Drivers\STM32WBxx_HAL_Driver\Src\stm32wbxx_hal_pcd_ex.o
 .comment       0x0000007c       0x7d Drivers\STM32WBxx_HAL_Driver\Src\stm32wbxx_hal_pwr.o
 .comment       0x0000007c       0x7d Drivers\STM32WBxx_HAL_Driver\Src\stm32wbxx_hal_pwr_ex.o
 .comment       0x0000007c       0x7d Drivers\STM32WBxx_HAL_Driver\Src\stm32wbxx_hal_rcc.o
 .comment       0x0000007c       0x7d Drivers\STM32WBxx_HAL_Driver\Src\stm32wbxx_hal_rcc_ex.o
 .comment       0x0000007c       0x7d Drivers\STM32WBxx_HAL_Driver\Src\stm32wbxx_hal_uart.o
 .comment       0x0000007c       0x7d Drivers\STM32WBxx_HAL_Driver\Src\stm32wbxx_hal_uart_ex.o
 .comment       0x0000007c       0x7d Drivers\STM32WBxx_HAL_Driver\Src\stm32wbxx_ll_usb.o
 .comment       0x0000007c       0x7d Src\adxl375.o
 .comment       0x0000007c       0x7d Src\main.o
 .comment       0x0000007c       0x7d Src\stm32wbxx_hal_msp.o
 .comment       0x0000007c       0x7d Src\stm32wbxx_it.o
 .comment       0x0000007c       0x7d Src\syscalls.o
 .comment       0x0000007c       0x7d Src\system_stm32wbxx.o

.debug_frame    0x00000000     0x3280
 .debug_frame   0x00000000      0x2cc Drivers\STM32WBxx_HAL_Driver\Src\stm32wbxx_hal.o
 .debug_frame   0x000002cc      0x148 Drivers\STM32WBxx_HAL_Driver\Src\stm32wbxx_hal_cortex.o
 .debug_frame   0x00000414       0xd0 Drivers\STM32WBxx_HAL_Driver\Src\stm32wbxx_hal_gpio.o
 .debug_frame   0x000004e4      0x8dc Drivers\STM32WBxx_HAL_Driver\Src\stm32wbxx_hal_i2c.o
 .debug_frame   0x00000dc0       0x80 Drivers\STM32WBxx_HAL_Driver\Src\stm32wbxx_hal_i2c_ex.o
 .debug_frame   0x00000e40      0x2b0 Drivers\STM32WBxx_HAL_Driver\Src\stm32wbxx_hal_pcd.o
 .debug_frame   0x000010f0       0x9c Drivers\STM32WBxx_HAL_Driver\Src\stm32wbxx_hal_pcd_ex.o
 .debug_frame   0x0000118c      0x118 Drivers\STM32WBxx_HAL_Driver\Src\stm32wbxx_hal_pwr.o
 .debug_frame   0x000012a4      0x370 Drivers\STM32WBxx_HAL_Driver\Src\stm32wbxx_hal_pwr_ex.o
 .debug_frame   0x00001614      0x24c Drivers\STM32WBxx_HAL_Driver\Src\stm32wbxx_hal_rcc.o
 .debug_frame   0x00001860      0x36c Drivers\STM32WBxx_HAL_Driver\Src\stm32wbxx_hal_rcc_ex.o
 .debug_frame   0x00001bcc      0x5e4 Drivers\STM32WBxx_HAL_Driver\Src\stm32wbxx_hal_uart.o
 .debug_frame   0x000021b0      0x13c Drivers\STM32WBxx_HAL_Driver\Src\stm32wbxx_hal_uart_ex.o
 .debug_frame   0x000022ec      0x244 Drivers\STM32WBxx_HAL_Driver\Src\stm32wbxx_ll_usb.o
 .debug_frame   0x00002530       0x90 Src\adxl375.o
 .debug_frame   0x000025c0       0xac Src\main.o
 .debug_frame   0x0000266c       0xc8 Src\stm32wbxx_hal_msp.o
 .debug_frame   0x00002734       0xf0 Src\stm32wbxx_it.o
 .debug_frame   0x00002824      0x1a8 Src\syscalls.o
 .debug_frame   0x000029cc       0x38 Src\system_stm32wbxx.o
 .debug_frame   0x00002a04       0x20 h:/program files (x86)/atollic/truestudio for stm32 9.3.0/armtools/bin/../lib/gcc/arm-atollic-eabi/6.3.1/../../../../arm-atollic-eabi/lib/armv7e-m/fpu\libc_nano.a(lib_a-errno.o)
 .debug_frame   0x00002a24       0x2c h:/program files (x86)/atollic/truestudio for stm32 9.3.0/armtools/bin/../lib/gcc/arm-atollic-eabi/6.3.1/../../../../arm-atollic-eabi/lib/armv7e-m/fpu\libc_nano.a(lib_a-init.o)
 .debug_frame   0x00002a50       0x20 h:/program files (x86)/atollic/truestudio for stm32 9.3.0/armtools/bin/../lib/gcc/arm-atollic-eabi/6.3.1/../../../../arm-atollic-eabi/lib/armv7e-m/fpu\libc_nano.a(lib_a-memset.o)
 .debug_frame   0x00002a70       0x74 h:/program files (x86)/atollic/truestudio for stm32 9.3.0/armtools/bin/../lib/gcc/arm-atollic-eabi/6.3.1/../../../../arm-atollic-eabi/lib/armv7e-m/fpu\libc_nano.a(lib_a-printf.o)
 .debug_frame   0x00002ae4       0x3c h:/program files (x86)/atollic/truestudio for stm32 9.3.0/armtools/bin/../lib/gcc/arm-atollic-eabi/6.3.1/../../../../arm-atollic-eabi/lib/armv7e-m/fpu\libc_nano.a(lib_a-puts.o)
 .debug_frame   0x00002b20       0x40 h:/program files (x86)/atollic/truestudio for stm32 9.3.0/armtools/bin/../lib/gcc/arm-atollic-eabi/6.3.1/../../../../arm-atollic-eabi/lib/armv7e-m/fpu\libc_nano.a(lib_a-wbuf.o)
 .debug_frame   0x00002b60       0x2c h:/program files (x86)/atollic/truestudio for stm32 9.3.0/armtools/bin/../lib/gcc/arm-atollic-eabi/6.3.1/../../../../arm-atollic-eabi/lib/armv7e-m/fpu\libc_nano.a(lib_a-wsetup.o)
 .debug_frame   0x00002b8c       0x68 h:/program files (x86)/atollic/truestudio for stm32 9.3.0/armtools/bin/../lib/gcc/arm-atollic-eabi/6.3.1/../../../../arm-atollic-eabi/lib/armv7e-m/fpu\libc_nano.a(lib_a-fflush.o)
 .debug_frame   0x00002bf4      0x11c h:/program files (x86)/atollic/truestudio for stm32 9.3.0/armtools/bin/../lib/gcc/arm-atollic-eabi/6.3.1/../../../../arm-atollic-eabi/lib/armv7e-m/fpu\libc_nano.a(lib_a-findfp.o)
 .debug_frame   0x00002d10       0x54 h:/program files (x86)/atollic/truestudio for stm32 9.3.0/armtools/bin/../lib/gcc/arm-atollic-eabi/6.3.1/../../../../arm-atollic-eabi/lib/armv7e-m/fpu\libc_nano.a(lib_a-fwalk.o)
 .debug_frame   0x00002d64       0x58 h:/program files (x86)/atollic/truestudio for stm32 9.3.0/armtools/bin/../lib/gcc/arm-atollic-eabi/6.3.1/../../../../arm-atollic-eabi/lib/armv7e-m/fpu\libc_nano.a(lib_a-makebuf.o)
 .debug_frame   0x00002dbc       0x38 h:/program files (x86)/atollic/truestudio for stm32 9.3.0/armtools/bin/../lib/gcc/arm-atollic-eabi/6.3.1/../../../../arm-atollic-eabi/lib/armv7e-m/fpu\libc_nano.a(lib_a-nano-freer.o)
 .debug_frame   0x00002df4       0x2c h:/program files (x86)/atollic/truestudio for stm32 9.3.0/armtools/bin/../lib/gcc/arm-atollic-eabi/6.3.1/../../../../arm-atollic-eabi/lib/armv7e-m/fpu\libc_nano.a(lib_a-nano-mallocr.o)
 .debug_frame   0x00002e20       0xac h:/program files (x86)/atollic/truestudio for stm32 9.3.0/armtools/bin/../lib/gcc/arm-atollic-eabi/6.3.1/../../../../arm-atollic-eabi/lib/armv7e-m/fpu\libc_nano.a(lib_a-nano-vfprintf.o)
 .debug_frame   0x00002ecc       0x60 h:/program files (x86)/atollic/truestudio for stm32 9.3.0/armtools/bin/../lib/gcc/arm-atollic-eabi/6.3.1/../../../../arm-atollic-eabi/lib/armv7e-m/fpu\libc_nano.a(lib_a-nano-vfprintf_i.o)
 .debug_frame   0x00002f2c       0x2c h:/program files (x86)/atollic/truestudio for stm32 9.3.0/armtools/bin/../lib/gcc/arm-atollic-eabi/6.3.1/../../../../arm-atollic-eabi/lib/armv7e-m/fpu\libc_nano.a(lib_a-sbrkr.o)
 .debug_frame   0x00002f58       0x88 h:/program files (x86)/atollic/truestudio for stm32 9.3.0/armtools/bin/../lib/gcc/arm-atollic-eabi/6.3.1/../../../../arm-atollic-eabi/lib/armv7e-m/fpu\libc_nano.a(lib_a-stdio.o)
 .debug_frame   0x00002fe0       0x2c h:/program files (x86)/atollic/truestudio for stm32 9.3.0/armtools/bin/../lib/gcc/arm-atollic-eabi/6.3.1/../../../../arm-atollic-eabi/lib/armv7e-m/fpu\libc_nano.a(lib_a-writer.o)
 .debug_frame   0x0000300c       0x2c h:/program files (x86)/atollic/truestudio for stm32 9.3.0/armtools/bin/../lib/gcc/arm-atollic-eabi/6.3.1/../../../../arm-atollic-eabi/lib/armv7e-m/fpu\libc_nano.a(lib_a-closer.o)
 .debug_frame   0x00003038       0x2c h:/program files (x86)/atollic/truestudio for stm32 9.3.0/armtools/bin/../lib/gcc/arm-atollic-eabi/6.3.1/../../../../arm-atollic-eabi/lib/armv7e-m/fpu\libc_nano.a(lib_a-fstatr.o)
 .debug_frame   0x00003064       0x2c h:/program files (x86)/atollic/truestudio for stm32 9.3.0/armtools/bin/../lib/gcc/arm-atollic-eabi/6.3.1/../../../../arm-atollic-eabi/lib/armv7e-m/fpu\libc_nano.a(lib_a-isattyr.o)
 .debug_frame   0x00003090       0x2c h:/program files (x86)/atollic/truestudio for stm32 9.3.0/armtools/bin/../lib/gcc/arm-atollic-eabi/6.3.1/../../../../arm-atollic-eabi/lib/armv7e-m/fpu\libc_nano.a(lib_a-lseekr.o)
 .debug_frame   0x000030bc       0x30 h:/program files (x86)/atollic/truestudio for stm32 9.3.0/armtools/bin/../lib/gcc/arm-atollic-eabi/6.3.1/../../../../arm-atollic-eabi/lib/armv7e-m/fpu\libc_nano.a(lib_a-mlock.o)
 .debug_frame   0x000030ec       0x2c h:/program files (x86)/atollic/truestudio for stm32 9.3.0/armtools/bin/../lib/gcc/arm-atollic-eabi/6.3.1/../../../../arm-atollic-eabi/lib/armv7e-m/fpu\libc_nano.a(lib_a-readr.o)
 .debug_frame   0x00003118       0x5c h:/program files (x86)/atollic/truestudio for stm32 9.3.0/armtools/bin/../lib/gcc/arm-atollic-eabi/6.3.1/../../../../arm-atollic-eabi/lib/armv7e-m/fpu\libc_nano.a(lib_a-reent.o)
 .debug_frame   0x00003174       0xac h:/program files (x86)/atollic/truestudio for stm32 9.3.0/armtools/bin/../lib/gcc/arm-atollic-eabi/6.3.1/armv7e-m/fpu\libgcc.a(_arm_addsubdf3.o)
 .debug_frame   0x00003220       0x2c h:/program files (x86)/atollic/truestudio for stm32 9.3.0/armtools/bin/../lib/gcc/arm-atollic-eabi/6.3.1/armv7e-m/fpu\libgcc.a(_aeabi_uldivmod.o)
 .debug_frame   0x0000324c       0x34 h:/program files (x86)/atollic/truestudio for stm32 9.3.0/armtools/bin/../lib/gcc/arm-atollic-eabi/6.3.1/armv7e-m/fpu\libgcc.a(_udivmoddi4.o)
